Archive member included to satisfy reference by file (symbol)

c:/program files (x86)/stmicroelectronics/stm32cubeide_1.4.0/stm32cubeide/plugins/com.st.stm32cube.ide.mcu.externaltools.gnu-tools-for-stm32.7-2018-q2-update.win32_1.4.0.202007081208/tools/bin/../lib/gcc/arm-none-eabi/7.3.1/../../../../arm-none-eabi/lib/thumb/v7-m\libc_nano.a(lib_a-exit.o)
                              c:/program files (x86)/stmicroelectronics/stm32cubeide_1.4.0/stm32cubeide/plugins/com.st.stm32cube.ide.mcu.externaltools.gnu-tools-for-stm32.7-2018-q2-update.win32_1.4.0.202007081208/tools/bin/../lib/gcc/arm-none-eabi/7.3.1/../../../../arm-none-eabi/lib/thumb/v7-m/crt0.o (exit)
c:/program files (x86)/stmicroelectronics/stm32cubeide_1.4.0/stm32cubeide/plugins/com.st.stm32cube.ide.mcu.externaltools.gnu-tools-for-stm32.7-2018-q2-update.win32_1.4.0.202007081208/tools/bin/../lib/gcc/arm-none-eabi/7.3.1/../../../../arm-none-eabi/lib/thumb/v7-m\libc_nano.a(lib_a-impure.o)
                              c:/program files (x86)/stmicroelectronics/stm32cubeide_1.4.0/stm32cubeide/plugins/com.st.stm32cube.ide.mcu.externaltools.gnu-tools-for-stm32.7-2018-q2-update.win32_1.4.0.202007081208/tools/bin/../lib/gcc/arm-none-eabi/7.3.1/../../../../arm-none-eabi/lib/thumb/v7-m\libc_nano.a(lib_a-exit.o) (_global_impure_ptr)
c:/program files (x86)/stmicroelectronics/stm32cubeide_1.4.0/stm32cubeide/plugins/com.st.stm32cube.ide.mcu.externaltools.gnu-tools-for-stm32.7-2018-q2-update.win32_1.4.0.202007081208/tools/bin/../lib/gcc/arm-none-eabi/7.3.1/../../../../arm-none-eabi/lib/thumb/v7-m\libc_nano.a(lib_a-init.o)
                              c:/program files (x86)/stmicroelectronics/stm32cubeide_1.4.0/stm32cubeide/plugins/com.st.stm32cube.ide.mcu.externaltools.gnu-tools-for-stm32.7-2018-q2-update.win32_1.4.0.202007081208/tools/bin/../lib/gcc/arm-none-eabi/7.3.1/../../../../arm-none-eabi/lib/thumb/v7-m/crt0.o (__libc_init_array)
c:/program files (x86)/stmicroelectronics/stm32cubeide_1.4.0/stm32cubeide/plugins/com.st.stm32cube.ide.mcu.externaltools.gnu-tools-for-stm32.7-2018-q2-update.win32_1.4.0.202007081208/tools/bin/../lib/gcc/arm-none-eabi/7.3.1/../../../../arm-none-eabi/lib/thumb/v7-m\libc_nano.a(lib_a-memset.o)
                              c:/program files (x86)/stmicroelectronics/stm32cubeide_1.4.0/stm32cubeide/plugins/com.st.stm32cube.ide.mcu.externaltools.gnu-tools-for-stm32.7-2018-q2-update.win32_1.4.0.202007081208/tools/bin/../lib/gcc/arm-none-eabi/7.3.1/../../../../arm-none-eabi/lib/thumb/v7-m/crt0.o (memset)
c:/program files (x86)/stmicroelectronics/stm32cubeide_1.4.0/stm32cubeide/plugins/com.st.stm32cube.ide.mcu.externaltools.gnu-tools-for-stm32.7-2018-q2-update.win32_1.4.0.202007081208/tools/bin/../lib/gcc/arm-none-eabi/7.3.1/../../../../arm-none-eabi/lib/thumb/v7-m\libnosys.a(_exit.o)
                              c:/program files (x86)/stmicroelectronics/stm32cubeide_1.4.0/stm32cubeide/plugins/com.st.stm32cube.ide.mcu.externaltools.gnu-tools-for-stm32.7-2018-q2-update.win32_1.4.0.202007081208/tools/bin/../lib/gcc/arm-none-eabi/7.3.1/../../../../arm-none-eabi/lib/thumb/v7-m\libc_nano.a(lib_a-exit.o) (_exit)

Allocating common symbols
Common symbol       size              file

callback            0x4               Src/STK_progrm.o

Discarded input sections

 .text          0x0000000000000000        0x0 c:/program files (x86)/stmicroelectronics/stm32cubeide_1.4.0/stm32cubeide/plugins/com.st.stm32cube.ide.mcu.externaltools.gnu-tools-for-stm32.7-2018-q2-update.win32_1.4.0.202007081208/tools/bin/../lib/gcc/arm-none-eabi/7.3.1/thumb/v7-m/crti.o
 .data          0x0000000000000000        0x0 c:/program files (x86)/stmicroelectronics/stm32cubeide_1.4.0/stm32cubeide/plugins/com.st.stm32cube.ide.mcu.externaltools.gnu-tools-for-stm32.7-2018-q2-update.win32_1.4.0.202007081208/tools/bin/../lib/gcc/arm-none-eabi/7.3.1/thumb/v7-m/crti.o
 .bss           0x0000000000000000        0x0 c:/program files (x86)/stmicroelectronics/stm32cubeide_1.4.0/stm32cubeide/plugins/com.st.stm32cube.ide.mcu.externaltools.gnu-tools-for-stm32.7-2018-q2-update.win32_1.4.0.202007081208/tools/bin/../lib/gcc/arm-none-eabi/7.3.1/thumb/v7-m/crti.o
 .data          0x0000000000000000        0x4 c:/program files (x86)/stmicroelectronics/stm32cubeide_1.4.0/stm32cubeide/plugins/com.st.stm32cube.ide.mcu.externaltools.gnu-tools-for-stm32.7-2018-q2-update.win32_1.4.0.202007081208/tools/bin/../lib/gcc/arm-none-eabi/7.3.1/thumb/v7-m/crtbegin.o
 .text          0x0000000000000000       0x74 c:/program files (x86)/stmicroelectronics/stm32cubeide_1.4.0/stm32cubeide/plugins/com.st.stm32cube.ide.mcu.externaltools.gnu-tools-for-stm32.7-2018-q2-update.win32_1.4.0.202007081208/tools/bin/../lib/gcc/arm-none-eabi/7.3.1/../../../../arm-none-eabi/lib/thumb/v7-m/crt0.o
 .data          0x0000000000000000        0x0 c:/program files (x86)/stmicroelectronics/stm32cubeide_1.4.0/stm32cubeide/plugins/com.st.stm32cube.ide.mcu.externaltools.gnu-tools-for-stm32.7-2018-q2-update.win32_1.4.0.202007081208/tools/bin/../lib/gcc/arm-none-eabi/7.3.1/../../../../arm-none-eabi/lib/thumb/v7-m/crt0.o
 .bss           0x0000000000000000        0x0 c:/program files (x86)/stmicroelectronics/stm32cubeide_1.4.0/stm32cubeide/plugins/com.st.stm32cube.ide.mcu.externaltools.gnu-tools-for-stm32.7-2018-q2-update.win32_1.4.0.202007081208/tools/bin/../lib/gcc/arm-none-eabi/7.3.1/../../../../arm-none-eabi/lib/thumb/v7-m/crt0.o
 .ARM.extab     0x0000000000000000        0x0 c:/program files (x86)/stmicroelectronics/stm32cubeide_1.4.0/stm32cubeide/plugins/com.st.stm32cube.ide.mcu.externaltools.gnu-tools-for-stm32.7-2018-q2-update.win32_1.4.0.202007081208/tools/bin/../lib/gcc/arm-none-eabi/7.3.1/../../../../arm-none-eabi/lib/thumb/v7-m/crt0.o
 .ARM.exidx     0x0000000000000000        0x8 c:/program files (x86)/stmicroelectronics/stm32cubeide_1.4.0/stm32cubeide/plugins/com.st.stm32cube.ide.mcu.externaltools.gnu-tools-for-stm32.7-2018-q2-update.win32_1.4.0.202007081208/tools/bin/../lib/gcc/arm-none-eabi/7.3.1/../../../../arm-none-eabi/lib/thumb/v7-m/crt0.o
 .ARM.attributes
                0x0000000000000000       0x1b c:/program files (x86)/stmicroelectronics/stm32cubeide_1.4.0/stm32cubeide/plugins/com.st.stm32cube.ide.mcu.externaltools.gnu-tools-for-stm32.7-2018-q2-update.win32_1.4.0.202007081208/tools/bin/../lib/gcc/arm-none-eabi/7.3.1/../../../../arm-none-eabi/lib/thumb/v7-m/crt0.o
 .group         0x0000000000000000        0xc Src/ADC_program.o
 .group         0x0000000000000000        0xc Src/ADC_program.o
 .group         0x0000000000000000        0xc Src/ADC_program.o
 .group         0x0000000000000000        0xc Src/ADC_program.o
 .text          0x0000000000000000        0x0 Src/ADC_program.o
 .data          0x0000000000000000        0x0 Src/ADC_program.o
 .bss           0x0000000000000000        0x0 Src/ADC_program.o
 .text.MADC1_u8GetStatus
                0x0000000000000000       0x2c Src/ADC_program.o
 .text.MADC1_u16GetInjData
                0x0000000000000000       0x54 Src/ADC_program.o
 .text.MADC1_voidSetInjectedSqeuenceLength
                0x0000000000000000       0x24 Src/ADC_program.o
 .text.MADC1_voidSetInjectedChannelSequences
                0x0000000000000000       0x48 Src/ADC_program.o
 .text.MADC1_voidRegChannelSWTrigger
                0x0000000000000000       0x1c Src/ADC_program.o
 .text.MADC1_voidInjChannelSWTrigger
                0x0000000000000000       0x1c Src/ADC_program.o
 .text.MADC1_voidTempSensor
                0x0000000000000000       0x2c Src/ADC_program.o
 .text.MADC1_voidDMA
                0x0000000000000000       0x2c Src/ADC_program.o
 .group         0x0000000000000000        0xc Src/GPIO_program.o
 .group         0x0000000000000000        0xc Src/GPIO_program.o
 .group         0x0000000000000000        0xc Src/GPIO_program.o
 .group         0x0000000000000000        0xc Src/GPIO_program.o
 .text          0x0000000000000000        0x0 Src/GPIO_program.o
 .data          0x0000000000000000        0x0 Src/GPIO_program.o
 .bss           0x0000000000000000        0x0 Src/GPIO_program.o
 .text.MGPIO_voidSetPinValue
                0x0000000000000000      0x104 Src/GPIO_program.o
 .text.MGPIO_u8GetPinValue
                0x0000000000000000       0x94 Src/GPIO_program.o
 .text.MGPIO_voidSetPortDirection
                0x0000000000000000      0x398 Src/GPIO_program.o
 .text.MGPIO_voidWritePort
                0x0000000000000000       0x50 Src/GPIO_program.o
 .debug_macro   0x0000000000000000      0xa60 Src/GPIO_program.o
 .debug_macro   0x0000000000000000       0x2e Src/GPIO_program.o
 .group         0x0000000000000000        0xc Src/NVIC_program.o
 .group         0x0000000000000000        0xc Src/NVIC_program.o
 .group         0x0000000000000000        0xc Src/NVIC_program.o
 .group         0x0000000000000000        0xc Src/NVIC_program.o
 .text          0x0000000000000000        0x0 Src/NVIC_program.o
 .data          0x0000000000000000        0x0 Src/NVIC_program.o
 .bss           0x0000000000000000        0x0 Src/NVIC_program.o
 .text.MNVIC_voidDisableInterrupt
                0x0000000000000000       0x40 Src/NVIC_program.o
 .text.MNVIC_voidSetPendingFlag
                0x0000000000000000       0x40 Src/NVIC_program.o
 .text.MNVIC_voidClearPendingFlag
                0x0000000000000000       0x40 Src/NVIC_program.o
 .text.MNVIC_u8GetActiveFlag
                0x0000000000000000       0x54 Src/NVIC_program.o
 .text.MNVIC_voidSetPriority
                0x0000000000000000       0x64 Src/NVIC_program.o
 .text.MNVIC_voidTriggerSoftwareInterrupt
                0x0000000000000000       0x20 Src/NVIC_program.o
 .debug_macro   0x0000000000000000      0xa60 Src/NVIC_program.o
 .debug_macro   0x0000000000000000       0x2e Src/NVIC_program.o
 .group         0x0000000000000000        0xc Src/RCC_program.o
 .group         0x0000000000000000        0xc Src/RCC_program.o
 .group         0x0000000000000000        0xc Src/RCC_program.o
 .group         0x0000000000000000        0xc Src/RCC_program.o
 .group         0x0000000000000000        0xc Src/RCC_program.o
 .text          0x0000000000000000        0x0 Src/RCC_program.o
 .data          0x0000000000000000        0x0 Src/RCC_program.o
 .bss           0x0000000000000000        0x0 Src/RCC_program.o
 .text.RCC_voidDisableClock
                0x0000000000000000       0x84 Src/RCC_program.o
 .debug_macro   0x0000000000000000      0xa60 Src/RCC_program.o
 .debug_macro   0x0000000000000000       0x2e Src/RCC_program.o
 .group         0x0000000000000000        0xc Src/STK_progrm.o
 .group         0x0000000000000000        0xc Src/STK_progrm.o
 .group         0x0000000000000000        0xc Src/STK_progrm.o
 .group         0x0000000000000000        0xc Src/STK_progrm.o
 .text          0x0000000000000000        0x0 Src/STK_progrm.o
 .data          0x0000000000000000        0x0 Src/STK_progrm.o
 .bss           0x0000000000000000        0x0 Src/STK_progrm.o
 .text.MSTK_voidInit
                0x0000000000000000       0x34 Src/STK_progrm.o
 .text.MSTK_voidSetBusyWait
                0x0000000000000000       0x50 Src/STK_progrm.o
 .text.MSTK_voidSetIntervalSingle
                0x0000000000000000       0x4c Src/STK_progrm.o
 .text.MSTK_voidSetIntervalPeriodic
                0x0000000000000000       0x44 Src/STK_progrm.o
 .text.MSTK_voidStopInterval
                0x0000000000000000       0x1c Src/STK_progrm.o
 .text.MSTK_u32GetElapsedTime
                0x0000000000000000       0x20 Src/STK_progrm.o
 .text.MSTK_u32GetRemainingTime
                0x0000000000000000       0x14 Src/STK_progrm.o
 .debug_macro   0x0000000000000000      0xa60 Src/STK_progrm.o
 .debug_macro   0x0000000000000000       0x2e Src/STK_progrm.o
 .group         0x0000000000000000        0xc Src/TIMER1_program.o
 .group         0x0000000000000000        0xc Src/TIMER1_program.o
 .group         0x0000000000000000        0xc Src/TIMER1_program.o
 .group         0x0000000000000000        0xc Src/TIMER1_program.o
 .group         0x0000000000000000        0xc Src/TIMER1_program.o
 .text          0x0000000000000000        0x0 Src/TIMER1_program.o
 .data          0x0000000000000000        0x0 Src/TIMER1_program.o
 .bss           0x0000000000000000        0x0 Src/TIMER1_program.o
 .text.MTIMER1_voidInit
                0x0000000000000000       0x9c Src/TIMER1_program.o
 .text.MTIMER1_voidSetCCPinsEnable_POLARITY
                0x0000000000000000       0x6c Src/TIMER1_program.o
 .text.MTIMER1_voidWriteARR
                0x0000000000000000       0x20 Src/TIMER1_program.o
 .text.MTIMER1_voidWriteCNT
                0x0000000000000000       0x20 Src/TIMER1_program.o
 .text.MTIMER1_voidWritePSC
                0x0000000000000000       0x20 Src/TIMER1_program.o
 .text.MTIMER1_voidWriteRCR
                0x0000000000000000       0x20 Src/TIMER1_program.o
 .text.MTIMER1_voidWriteCCRx
                0x0000000000000000       0x60 Src/TIMER1_program.o
 .text.MTIMER1_voidEnableMainOutput
                0x0000000000000000       0x2c Src/TIMER1_program.o
 .text.MTIMER1_voidEnableTimer
                0x0000000000000000       0x28 Src/TIMER1_program.o
 .text.MTIMER1_voidDisableUpdate
                0x0000000000000000       0x2c Src/TIMER1_program.o
 .text.MTIMER1_voidUpdateRequest
                0x0000000000000000       0x2c Src/TIMER1_program.o
 .text.MTIMER1_voidSetDirection
                0x0000000000000000       0x2c Src/TIMER1_program.o
 .text.MTIMER1_voidINTEnable
                0x0000000000000000       0x40 Src/TIMER1_program.o
 .text.MTIMER1_voidClearFlag
                0x0000000000000000       0x30 Src/TIMER1_program.o
 .text.MTIMER1_voidGenerateEvent
                0x0000000000000000       0x2c Src/TIMER1_program.o
 .debug_info    0x0000000000000000      0x610 Src/TIMER1_program.o
 .debug_abbrev  0x0000000000000000       0xc9 Src/TIMER1_program.o
 .debug_aranges
                0x0000000000000000       0x90 Src/TIMER1_program.o
 .debug_ranges  0x0000000000000000       0x80 Src/TIMER1_program.o
 .debug_macro   0x0000000000000000       0x87 Src/TIMER1_program.o
 .debug_macro   0x0000000000000000      0xa60 Src/TIMER1_program.o
 .debug_macro   0x0000000000000000       0x2e Src/TIMER1_program.o
 .debug_macro   0x0000000000000000       0x22 Src/TIMER1_program.o
 .debug_macro   0x0000000000000000      0x249 Src/TIMER1_program.o
 .debug_macro   0x0000000000000000      0x135 Src/TIMER1_program.o
 .debug_line    0x0000000000000000      0x25d Src/TIMER1_program.o
 .debug_str     0x0000000000000000     0x46f3 Src/TIMER1_program.o
 .comment       0x0000000000000000       0x7c Src/TIMER1_program.o
 .debug_frame   0x0000000000000000      0x260 Src/TIMER1_program.o
 .ARM.attributes
                0x0000000000000000       0x33 Src/TIMER1_program.o
 .group         0x0000000000000000        0xc Src/USART_program.o
 .group         0x0000000000000000        0xc Src/USART_program.o
 .group         0x0000000000000000        0xc Src/USART_program.o
 .group         0x0000000000000000        0xc Src/USART_program.o
 .text          0x0000000000000000        0x0 Src/USART_program.o
 .data          0x0000000000000000        0x0 Src/USART_program.o
 .bss           0x0000000000000000        0x0 Src/USART_program.o
 .text.MUSART1_u8CheckDataAvailable
                0x0000000000000000       0x20 Src/USART_program.o
 .text.MUSART1_u8ReadData
                0x0000000000000000       0x18 Src/USART_program.o
 .text.MUSART1_voidTransmitString
                0x0000000000000000       0x4c Src/USART_program.o
 .text.MUSART1_voidEnableINT
                0x0000000000000000       0x2c Src/USART_program.o
 .text.MUSART1_voidDisableINT
                0x0000000000000000       0x30 Src/USART_program.o
 .debug_macro   0x0000000000000000      0xa60 Src/USART_program.o
 .debug_macro   0x0000000000000000       0x2e Src/USART_program.o
 .group         0x0000000000000000        0xc Src/main.o
 .group         0x0000000000000000        0xc Src/main.o
 .group         0x0000000000000000        0xc Src/main.o
 .group         0x0000000000000000        0xc Src/main.o
 .group         0x0000000000000000        0xc Src/main.o
 .text          0x0000000000000000        0x0 Src/main.o
 .data          0x0000000000000000        0x0 Src/main.o
 .bss           0x0000000000000000        0x0 Src/main.o
 .debug_macro   0x0000000000000000      0xa60 Src/main.o
 .debug_macro   0x0000000000000000       0x2e Src/main.o
 .debug_macro   0x0000000000000000       0x4c Src/main.o
 .debug_macro   0x0000000000000000       0xf4 Src/main.o
 .debug_macro   0x0000000000000000       0x82 Src/main.o
 .text          0x0000000000000000       0x14 Startup/startup_stm32f103c8tx.o
 .data          0x0000000000000000        0x0 Startup/startup_stm32f103c8tx.o
 .bss           0x0000000000000000        0x0 Startup/startup_stm32f103c8tx.o
 .text          0x0000000000000000        0x0 c:/program files (x86)/stmicroelectronics/stm32cubeide_1.4.0/stm32cubeide/plugins/com.st.stm32cube.ide.mcu.externaltools.gnu-tools-for-stm32.7-2018-q2-update.win32_1.4.0.202007081208/tools/bin/../lib/gcc/arm-none-eabi/7.3.1/../../../../arm-none-eabi/lib/thumb/v7-m\libc_nano.a(lib_a-exit.o)
 .data          0x0000000000000000        0x0 c:/program files (x86)/stmicroelectronics/stm32cubeide_1.4.0/stm32cubeide/plugins/com.st.stm32cube.ide.mcu.externaltools.gnu-tools-for-stm32.7-2018-q2-update.win32_1.4.0.202007081208/tools/bin/../lib/gcc/arm-none-eabi/7.3.1/../../../../arm-none-eabi/lib/thumb/v7-m\libc_nano.a(lib_a-exit.o)
 .bss           0x0000000000000000        0x0 c:/program files (x86)/stmicroelectronics/stm32cubeide_1.4.0/stm32cubeide/plugins/com.st.stm32cube.ide.mcu.externaltools.gnu-tools-for-stm32.7-2018-q2-update.win32_1.4.0.202007081208/tools/bin/../lib/gcc/arm-none-eabi/7.3.1/../../../../arm-none-eabi/lib/thumb/v7-m\libc_nano.a(lib_a-exit.o)
 .text.exit     0x0000000000000000       0x28 c:/program files (x86)/stmicroelectronics/stm32cubeide_1.4.0/stm32cubeide/plugins/com.st.stm32cube.ide.mcu.externaltools.gnu-tools-for-stm32.7-2018-q2-update.win32_1.4.0.202007081208/tools/bin/../lib/gcc/arm-none-eabi/7.3.1/../../../../arm-none-eabi/lib/thumb/v7-m\libc_nano.a(lib_a-exit.o)
 .debug_frame   0x0000000000000000       0x28 c:/program files (x86)/stmicroelectronics/stm32cubeide_1.4.0/stm32cubeide/plugins/com.st.stm32cube.ide.mcu.externaltools.gnu-tools-for-stm32.7-2018-q2-update.win32_1.4.0.202007081208/tools/bin/../lib/gcc/arm-none-eabi/7.3.1/../../../../arm-none-eabi/lib/thumb/v7-m\libc_nano.a(lib_a-exit.o)
 .ARM.attributes
                0x0000000000000000       0x2d c:/program files (x86)/stmicroelectronics/stm32cubeide_1.4.0/stm32cubeide/plugins/com.st.stm32cube.ide.mcu.externaltools.gnu-tools-for-stm32.7-2018-q2-update.win32_1.4.0.202007081208/tools/bin/../lib/gcc/arm-none-eabi/7.3.1/../../../../arm-none-eabi/lib/thumb/v7-m\libc_nano.a(lib_a-exit.o)
 .text          0x0000000000000000        0x0 c:/program files (x86)/stmicroelectronics/stm32cubeide_1.4.0/stm32cubeide/plugins/com.st.stm32cube.ide.mcu.externaltools.gnu-tools-for-stm32.7-2018-q2-update.win32_1.4.0.202007081208/tools/bin/../lib/gcc/arm-none-eabi/7.3.1/../../../../arm-none-eabi/lib/thumb/v7-m\libc_nano.a(lib_a-impure.o)
 .data          0x0000000000000000        0x0 c:/program files (x86)/stmicroelectronics/stm32cubeide_1.4.0/stm32cubeide/plugins/com.st.stm32cube.ide.mcu.externaltools.gnu-tools-for-stm32.7-2018-q2-update.win32_1.4.0.202007081208/tools/bin/../lib/gcc/arm-none-eabi/7.3.1/../../../../arm-none-eabi/lib/thumb/v7-m\libc_nano.a(lib_a-impure.o)
 .bss           0x0000000000000000        0x0 c:/program files (x86)/stmicroelectronics/stm32cubeide_1.4.0/stm32cubeide/plugins/com.st.stm32cube.ide.mcu.externaltools.gnu-tools-for-stm32.7-2018-q2-update.win32_1.4.0.202007081208/tools/bin/../lib/gcc/arm-none-eabi/7.3.1/../../../../arm-none-eabi/lib/thumb/v7-m\libc_nano.a(lib_a-impure.o)
 .data._impure_ptr
                0x0000000000000000        0x4 c:/program files (x86)/stmicroelectronics/stm32cubeide_1.4.0/stm32cubeide/plugins/com.st.stm32cube.ide.mcu.externaltools.gnu-tools-for-stm32.7-2018-q2-update.win32_1.4.0.202007081208/tools/bin/../lib/gcc/arm-none-eabi/7.3.1/../../../../arm-none-eabi/lib/thumb/v7-m\libc_nano.a(lib_a-impure.o)
 .data.impure_data
                0x0000000000000000       0x60 c:/program files (x86)/stmicroelectronics/stm32cubeide_1.4.0/stm32cubeide/plugins/com.st.stm32cube.ide.mcu.externaltools.gnu-tools-for-stm32.7-2018-q2-update.win32_1.4.0.202007081208/tools/bin/../lib/gcc/arm-none-eabi/7.3.1/../../../../arm-none-eabi/lib/thumb/v7-m\libc_nano.a(lib_a-impure.o)
 .rodata._global_impure_ptr
                0x0000000000000000        0x4 c:/program files (x86)/stmicroelectronics/stm32cubeide_1.4.0/stm32cubeide/plugins/com.st.stm32cube.ide.mcu.externaltools.gnu-tools-for-stm32.7-2018-q2-update.win32_1.4.0.202007081208/tools/bin/../lib/gcc/arm-none-eabi/7.3.1/../../../../arm-none-eabi/lib/thumb/v7-m\libc_nano.a(lib_a-impure.o)
 .ARM.attributes
                0x0000000000000000       0x2d c:/program files (x86)/stmicroelectronics/stm32cubeide_1.4.0/stm32cubeide/plugins/com.st.stm32cube.ide.mcu.externaltools.gnu-tools-for-stm32.7-2018-q2-update.win32_1.4.0.202007081208/tools/bin/../lib/gcc/arm-none-eabi/7.3.1/../../../../arm-none-eabi/lib/thumb/v7-m\libc_nano.a(lib_a-impure.o)
 .text          0x0000000000000000        0x0 c:/program files (x86)/stmicroelectronics/stm32cubeide_1.4.0/stm32cubeide/plugins/com.st.stm32cube.ide.mcu.externaltools.gnu-tools-for-stm32.7-2018-q2-update.win32_1.4.0.202007081208/tools/bin/../lib/gcc/arm-none-eabi/7.3.1/../../../../arm-none-eabi/lib/thumb/v7-m\libc_nano.a(lib_a-init.o)
 .data          0x0000000000000000        0x0 c:/program files (x86)/stmicroelectronics/stm32cubeide_1.4.0/stm32cubeide/plugins/com.st.stm32cube.ide.mcu.externaltools.gnu-tools-for-stm32.7-2018-q2-update.win32_1.4.0.202007081208/tools/bin/../lib/gcc/arm-none-eabi/7.3.1/../../../../arm-none-eabi/lib/thumb/v7-m\libc_nano.a(lib_a-init.o)
 .bss           0x0000000000000000        0x0 c:/program files (x86)/stmicroelectronics/stm32cubeide_1.4.0/stm32cubeide/plugins/com.st.stm32cube.ide.mcu.externaltools.gnu-tools-for-stm32.7-2018-q2-update.win32_1.4.0.202007081208/tools/bin/../lib/gcc/arm-none-eabi/7.3.1/../../../../arm-none-eabi/lib/thumb/v7-m\libc_nano.a(lib_a-init.o)
 .text          0x0000000000000000        0x0 c:/program files (x86)/stmicroelectronics/stm32cubeide_1.4.0/stm32cubeide/plugins/com.st.stm32cube.ide.mcu.externaltools.gnu-tools-for-stm32.7-2018-q2-update.win32_1.4.0.202007081208/tools/bin/../lib/gcc/arm-none-eabi/7.3.1/../../../../arm-none-eabi/lib/thumb/v7-m\libc_nano.a(lib_a-memset.o)
 .data          0x0000000000000000        0x0 c:/program files (x86)/stmicroelectronics/stm32cubeide_1.4.0/stm32cubeide/plugins/com.st.stm32cube.ide.mcu.externaltools.gnu-tools-for-stm32.7-2018-q2-update.win32_1.4.0.202007081208/tools/bin/../lib/gcc/arm-none-eabi/7.3.1/../../../../arm-none-eabi/lib/thumb/v7-m\libc_nano.a(lib_a-memset.o)
 .bss           0x0000000000000000        0x0 c:/program files (x86)/stmicroelectronics/stm32cubeide_1.4.0/stm32cubeide/plugins/com.st.stm32cube.ide.mcu.externaltools.gnu-tools-for-stm32.7-2018-q2-update.win32_1.4.0.202007081208/tools/bin/../lib/gcc/arm-none-eabi/7.3.1/../../../../arm-none-eabi/lib/thumb/v7-m\libc_nano.a(lib_a-memset.o)
 .text.memset   0x0000000000000000       0x10 c:/program files (x86)/stmicroelectronics/stm32cubeide_1.4.0/stm32cubeide/plugins/com.st.stm32cube.ide.mcu.externaltools.gnu-tools-for-stm32.7-2018-q2-update.win32_1.4.0.202007081208/tools/bin/../lib/gcc/arm-none-eabi/7.3.1/../../../../arm-none-eabi/lib/thumb/v7-m\libc_nano.a(lib_a-memset.o)
 .debug_frame   0x0000000000000000       0x20 c:/program files (x86)/stmicroelectronics/stm32cubeide_1.4.0/stm32cubeide/plugins/com.st.stm32cube.ide.mcu.externaltools.gnu-tools-for-stm32.7-2018-q2-update.win32_1.4.0.202007081208/tools/bin/../lib/gcc/arm-none-eabi/7.3.1/../../../../arm-none-eabi/lib/thumb/v7-m\libc_nano.a(lib_a-memset.o)
 .ARM.attributes
                0x0000000000000000       0x2d c:/program files (x86)/stmicroelectronics/stm32cubeide_1.4.0/stm32cubeide/plugins/com.st.stm32cube.ide.mcu.externaltools.gnu-tools-for-stm32.7-2018-q2-update.win32_1.4.0.202007081208/tools/bin/../lib/gcc/arm-none-eabi/7.3.1/../../../../arm-none-eabi/lib/thumb/v7-m\libc_nano.a(lib_a-memset.o)
 .text          0x0000000000000000        0x0 c:/program files (x86)/stmicroelectronics/stm32cubeide_1.4.0/stm32cubeide/plugins/com.st.stm32cube.ide.mcu.externaltools.gnu-tools-for-stm32.7-2018-q2-update.win32_1.4.0.202007081208/tools/bin/../lib/gcc/arm-none-eabi/7.3.1/../../../../arm-none-eabi/lib/thumb/v7-m\libnosys.a(_exit.o)
 .data          0x0000000000000000        0x0 c:/program files (x86)/stmicroelectronics/stm32cubeide_1.4.0/stm32cubeide/plugins/com.st.stm32cube.ide.mcu.externaltools.gnu-tools-for-stm32.7-2018-q2-update.win32_1.4.0.202007081208/tools/bin/../lib/gcc/arm-none-eabi/7.3.1/../../../../arm-none-eabi/lib/thumb/v7-m\libnosys.a(_exit.o)
 .bss           0x0000000000000000        0x0 c:/program files (x86)/stmicroelectronics/stm32cubeide_1.4.0/stm32cubeide/plugins/com.st.stm32cube.ide.mcu.externaltools.gnu-tools-for-stm32.7-2018-q2-update.win32_1.4.0.202007081208/tools/bin/../lib/gcc/arm-none-eabi/7.3.1/../../../../arm-none-eabi/lib/thumb/v7-m\libnosys.a(_exit.o)
 .text._exit    0x0000000000000000        0x2 c:/program files (x86)/stmicroelectronics/stm32cubeide_1.4.0/stm32cubeide/plugins/com.st.stm32cube.ide.mcu.externaltools.gnu-tools-for-stm32.7-2018-q2-update.win32_1.4.0.202007081208/tools/bin/../lib/gcc/arm-none-eabi/7.3.1/../../../../arm-none-eabi/lib/thumb/v7-m\libnosys.a(_exit.o)
 .debug_frame   0x0000000000000000       0x20 c:/program files (x86)/stmicroelectronics/stm32cubeide_1.4.0/stm32cubeide/plugins/com.st.stm32cube.ide.mcu.externaltools.gnu-tools-for-stm32.7-2018-q2-update.win32_1.4.0.202007081208/tools/bin/../lib/gcc/arm-none-eabi/7.3.1/../../../../arm-none-eabi/lib/thumb/v7-m\libnosys.a(_exit.o)
 .ARM.attributes
                0x0000000000000000       0x2d c:/program files (x86)/stmicroelectronics/stm32cubeide_1.4.0/stm32cubeide/plugins/com.st.stm32cube.ide.mcu.externaltools.gnu-tools-for-stm32.7-2018-q2-update.win32_1.4.0.202007081208/tools/bin/../lib/gcc/arm-none-eabi/7.3.1/../../../../arm-none-eabi/lib/thumb/v7-m\libnosys.a(_exit.o)
 .text          0x0000000000000000        0x0 c:/program files (x86)/stmicroelectronics/stm32cubeide_1.4.0/stm32cubeide/plugins/com.st.stm32cube.ide.mcu.externaltools.gnu-tools-for-stm32.7-2018-q2-update.win32_1.4.0.202007081208/tools/bin/../lib/gcc/arm-none-eabi/7.3.1/thumb/v7-m/crtend.o
 .data          0x0000000000000000        0x0 c:/program files (x86)/stmicroelectronics/stm32cubeide_1.4.0/stm32cubeide/plugins/com.st.stm32cube.ide.mcu.externaltools.gnu-tools-for-stm32.7-2018-q2-update.win32_1.4.0.202007081208/tools/bin/../lib/gcc/arm-none-eabi/7.3.1/thumb/v7-m/crtend.o
 .bss           0x0000000000000000        0x0 c:/program files (x86)/stmicroelectronics/stm32cubeide_1.4.0/stm32cubeide/plugins/com.st.stm32cube.ide.mcu.externaltools.gnu-tools-for-stm32.7-2018-q2-update.win32_1.4.0.202007081208/tools/bin/../lib/gcc/arm-none-eabi/7.3.1/thumb/v7-m/crtend.o
 .eh_frame      0x0000000000000000        0x4 c:/program files (x86)/stmicroelectronics/stm32cubeide_1.4.0/stm32cubeide/plugins/com.st.stm32cube.ide.mcu.externaltools.gnu-tools-for-stm32.7-2018-q2-update.win32_1.4.0.202007081208/tools/bin/../lib/gcc/arm-none-eabi/7.3.1/thumb/v7-m/crtend.o
 .ARM.attributes
                0x0000000000000000       0x2d c:/program files (x86)/stmicroelectronics/stm32cubeide_1.4.0/stm32cubeide/plugins/com.st.stm32cube.ide.mcu.externaltools.gnu-tools-for-stm32.7-2018-q2-update.win32_1.4.0.202007081208/tools/bin/../lib/gcc/arm-none-eabi/7.3.1/thumb/v7-m/crtend.o
 .text          0x0000000000000000        0x0 c:/program files (x86)/stmicroelectronics/stm32cubeide_1.4.0/stm32cubeide/plugins/com.st.stm32cube.ide.mcu.externaltools.gnu-tools-for-stm32.7-2018-q2-update.win32_1.4.0.202007081208/tools/bin/../lib/gcc/arm-none-eabi/7.3.1/thumb/v7-m/crtn.o
 .data          0x0000000000000000        0x0 c:/program files (x86)/stmicroelectronics/stm32cubeide_1.4.0/stm32cubeide/plugins/com.st.stm32cube.ide.mcu.externaltools.gnu-tools-for-stm32.7-2018-q2-update.win32_1.4.0.202007081208/tools/bin/../lib/gcc/arm-none-eabi/7.3.1/thumb/v7-m/crtn.o
 .bss           0x0000000000000000        0x0 c:/program files (x86)/stmicroelectronics/stm32cubeide_1.4.0/stm32cubeide/plugins/com.st.stm32cube.ide.mcu.externaltools.gnu-tools-for-stm32.7-2018-q2-update.win32_1.4.0.202007081208/tools/bin/../lib/gcc/arm-none-eabi/7.3.1/thumb/v7-m/crtn.o

Memory Configuration

Name             Origin             Length             Attributes
RAM              0x0000000020000000 0x0000000000005000 xrw
ROM              0x0000000008000000 0x0000000000010000 xr
*default*        0x0000000000000000 0xffffffffffffffff

Linker script and memory map

LOAD c:/program files (x86)/stmicroelectronics/stm32cubeide_1.4.0/stm32cubeide/plugins/com.st.stm32cube.ide.mcu.externaltools.gnu-tools-for-stm32.7-2018-q2-update.win32_1.4.0.202007081208/tools/bin/../lib/gcc/arm-none-eabi/7.3.1/thumb/v7-m/crti.o
LOAD c:/program files (x86)/stmicroelectronics/stm32cubeide_1.4.0/stm32cubeide/plugins/com.st.stm32cube.ide.mcu.externaltools.gnu-tools-for-stm32.7-2018-q2-update.win32_1.4.0.202007081208/tools/bin/../lib/gcc/arm-none-eabi/7.3.1/thumb/v7-m/crtbegin.o
LOAD c:/program files (x86)/stmicroelectronics/stm32cubeide_1.4.0/stm32cubeide/plugins/com.st.stm32cube.ide.mcu.externaltools.gnu-tools-for-stm32.7-2018-q2-update.win32_1.4.0.202007081208/tools/bin/../lib/gcc/arm-none-eabi/7.3.1/../../../../arm-none-eabi/lib/thumb/v7-m/crt0.o
LOAD Src/ADC_program.o
LOAD Src/GPIO_program.o
LOAD Src/NVIC_program.o
LOAD Src/RCC_program.o
LOAD Src/STK_progrm.o
LOAD Src/TIMER1_program.o
LOAD Src/USART_program.o
LOAD Src/main.o
LOAD Startup/startup_stm32f103c8tx.o
START GROUP
LOAD c:/program files (x86)/stmicroelectronics/stm32cubeide_1.4.0/stm32cubeide/plugins/com.st.stm32cube.ide.mcu.externaltools.gnu-tools-for-stm32.7-2018-q2-update.win32_1.4.0.202007081208/tools/bin/../lib/gcc/arm-none-eabi/7.3.1/../../../../arm-none-eabi/lib/thumb/v7-m\libc_nano.a
LOAD c:/program files (x86)/stmicroelectronics/stm32cubeide_1.4.0/stm32cubeide/plugins/com.st.stm32cube.ide.mcu.externaltools.gnu-tools-for-stm32.7-2018-q2-update.win32_1.4.0.202007081208/tools/bin/../lib/gcc/arm-none-eabi/7.3.1/../../../../arm-none-eabi/lib/thumb/v7-m\libm.a
END GROUP
START GROUP
LOAD c:/program files (x86)/stmicroelectronics/stm32cubeide_1.4.0/stm32cubeide/plugins/com.st.stm32cube.ide.mcu.externaltools.gnu-tools-for-stm32.7-2018-q2-update.win32_1.4.0.202007081208/tools/bin/../lib/gcc/arm-none-eabi/7.3.1/thumb/v7-m\libgcc.a
LOAD c:/program files (x86)/stmicroelectronics/stm32cubeide_1.4.0/stm32cubeide/plugins/com.st.stm32cube.ide.mcu.externaltools.gnu-tools-for-stm32.7-2018-q2-update.win32_1.4.0.202007081208/tools/bin/../lib/gcc/arm-none-eabi/7.3.1/../../../../arm-none-eabi/lib/thumb/v7-m\libc_nano.a
END GROUP
START GROUP
LOAD c:/program files (x86)/stmicroelectronics/stm32cubeide_1.4.0/stm32cubeide/plugins/com.st.stm32cube.ide.mcu.externaltools.gnu-tools-for-stm32.7-2018-q2-update.win32_1.4.0.202007081208/tools/bin/../lib/gcc/arm-none-eabi/7.3.1/thumb/v7-m\libgcc.a
LOAD c:/program files (x86)/stmicroelectronics/stm32cubeide_1.4.0/stm32cubeide/plugins/com.st.stm32cube.ide.mcu.externaltools.gnu-tools-for-stm32.7-2018-q2-update.win32_1.4.0.202007081208/tools/bin/../lib/gcc/arm-none-eabi/7.3.1/../../../../arm-none-eabi/lib/thumb/v7-m\libc_nano.a
LOAD c:/program files (x86)/stmicroelectronics/stm32cubeide_1.4.0/stm32cubeide/plugins/com.st.stm32cube.ide.mcu.externaltools.gnu-tools-for-stm32.7-2018-q2-update.win32_1.4.0.202007081208/tools/bin/../lib/gcc/arm-none-eabi/7.3.1/../../../../arm-none-eabi/lib/thumb/v7-m\libnosys.a
END GROUP
START GROUP
LOAD c:/program files (x86)/stmicroelectronics/stm32cubeide_1.4.0/stm32cubeide/plugins/com.st.stm32cube.ide.mcu.externaltools.gnu-tools-for-stm32.7-2018-q2-update.win32_1.4.0.202007081208/tools/bin/../lib/gcc/arm-none-eabi/7.3.1/thumb/v7-m\libgcc.a
LOAD c:/program files (x86)/stmicroelectronics/stm32cubeide_1.4.0/stm32cubeide/plugins/com.st.stm32cube.ide.mcu.externaltools.gnu-tools-for-stm32.7-2018-q2-update.win32_1.4.0.202007081208/tools/bin/../lib/gcc/arm-none-eabi/7.3.1/../../../../arm-none-eabi/lib/thumb/v7-m\libc_nano.a
LOAD c:/program files (x86)/stmicroelectronics/stm32cubeide_1.4.0/stm32cubeide/plugins/com.st.stm32cube.ide.mcu.externaltools.gnu-tools-for-stm32.7-2018-q2-update.win32_1.4.0.202007081208/tools/bin/../lib/gcc/arm-none-eabi/7.3.1/../../../../arm-none-eabi/lib/thumb/v7-m\libnosys.a
END GROUP
LOAD c:/program files (x86)/stmicroelectronics/stm32cubeide_1.4.0/stm32cubeide/plugins/com.st.stm32cube.ide.mcu.externaltools.gnu-tools-for-stm32.7-2018-q2-update.win32_1.4.0.202007081208/tools/bin/../lib/gcc/arm-none-eabi/7.3.1/thumb/v7-m/crtend.o
LOAD c:/program files (x86)/stmicroelectronics/stm32cubeide_1.4.0/stm32cubeide/plugins/com.st.stm32cube.ide.mcu.externaltools.gnu-tools-for-stm32.7-2018-q2-update.win32_1.4.0.202007081208/tools/bin/../lib/gcc/arm-none-eabi/7.3.1/thumb/v7-m/crtn.o
                0x0000000020005000                _estack = (ORIGIN (RAM) + LENGTH (RAM))
                0x0000000000000200                _Min_Heap_Size = 0x200
                0x0000000000000400                _Min_Stack_Size = 0x400

.isr_vector     0x0000000008000000      0x130
                0x0000000008000000                . = ALIGN (0x4)
 *(.isr_vector)
 .isr_vector    0x0000000008000000      0x130 Startup/startup_stm32f103c8tx.o
                0x0000000008000000                g_pfnVectors
                0x0000000008000130                . = ALIGN (0x4)

.text           0x0000000008000130      0x78c
                0x0000000008000130                . = ALIGN (0x4)
 *(.text)
 .text          0x0000000008000130       0x40 c:/program files (x86)/stmicroelectronics/stm32cubeide_1.4.0/stm32cubeide/plugins/com.st.stm32cube.ide.mcu.externaltools.gnu-tools-for-stm32.7-2018-q2-update.win32_1.4.0.202007081208/tools/bin/../lib/gcc/arm-none-eabi/7.3.1/thumb/v7-m/crtbegin.o
 *(.text*)
 .text.MADC1_voidInit
                0x0000000008000170       0x9c Src/ADC_program.o
                0x0000000008000170                MADC1_voidInit
 .text.MADC1_voidClearStatus
                0x000000000800020c       0x30 Src/ADC_program.o
                0x000000000800020c                MADC1_voidClearStatus
 .text.MADC1_u16GetregularData
                0x000000000800023c       0x18 Src/ADC_program.o
                0x000000000800023c                MADC1_u16GetregularData
 .text.MADC1_voidSetRegularSqeuenceLength
                0x0000000008000254       0x24 Src/ADC_program.o
                0x0000000008000254                MADC1_voidSetRegularSqeuenceLength
 .text.MADC1_voidSetRegularChannelSequences
                0x0000000008000278       0xbc Src/ADC_program.o
                0x0000000008000278                MADC1_voidSetRegularChannelSequences
 .text.MADC1_voidStartCalibration
                0x0000000008000334       0x1c Src/ADC_program.o
                0x0000000008000334                MADC1_voidStartCalibration
 .text.MADC1_voidStart_Enable
                0x0000000008000350       0x1c Src/ADC_program.o
                0x0000000008000350                MADC1_voidStart_Enable
 .text.MADC1_voidINTMasks
                0x000000000800036c       0x40 Src/ADC_program.o
                0x000000000800036c                MADC1_voidINTMasks
 .text.MGPIO_voidSetPinDirection
                0x00000000080003ac      0x1a0 Src/GPIO_program.o
                0x00000000080003ac                MGPIO_voidSetPinDirection
 .text.MNVIC_voidEnableInterrupt
                0x000000000800054c       0x40 Src/NVIC_program.o
                0x000000000800054c                MNVIC_voidEnableInterrupt
 .text.RCC_voidInitSysClock
                0x000000000800058c       0x6c Src/RCC_program.o
                0x000000000800058c                RCC_voidInitSysClock
 .text.RCC_voidEnableClock
                0x00000000080005f8       0x80 Src/RCC_program.o
                0x00000000080005f8                RCC_voidEnableClock
 .text.SysTick_Handler
                0x0000000008000678       0x30 Src/STK_progrm.o
                0x0000000008000678                SysTick_Handler
 .text.MUSART1_voidInit
                0x00000000080006a8       0x6c Src/USART_program.o
                0x00000000080006a8                MUSART1_voidInit
 .text.MUSART1_voidTransmitChar
                0x0000000008000714       0x30 Src/USART_program.o
                0x0000000008000714                MUSART1_voidTransmitChar
 .text.ADC1_2_IRQHandler
                0x0000000008000744       0x2a Src/main.o
                0x0000000008000744                ADC1_2_IRQHandler
 .text.main     0x000000000800076e       0x98 Src/main.o
                0x000000000800076e                main
 *fill*         0x0000000008000806        0x2 
 .text.Reset_Handler
                0x0000000008000808       0x50 Startup/startup_stm32f103c8tx.o
                0x0000000008000808                Reset_Handler
 .text.Default_Handler
                0x0000000008000858        0x2 Startup/startup_stm32f103c8tx.o
                0x0000000008000858                EXTI2_IRQHandler
                0x0000000008000858                TIM8_TRG_COM_IRQHandler
                0x0000000008000858                TIM8_CC_IRQHandler
                0x0000000008000858                DebugMon_Handler
                0x0000000008000858                TIM1_CC_IRQHandler
                0x0000000008000858                HardFault_Handler
                0x0000000008000858                TIM6_IRQHandler
                0x0000000008000858                PVD_IRQHandler
                0x0000000008000858                SDIO_IRQHandler
                0x0000000008000858                PendSV_Handler
                0x0000000008000858                NMI_Handler
                0x0000000008000858                EXTI3_IRQHandler
                0x0000000008000858                USB_HP_CAN_TX_IRQHandler
                0x0000000008000858                EXTI0_IRQHandler
                0x0000000008000858                I2C2_EV_IRQHandler
                0x0000000008000858                UsageFault_Handler
                0x0000000008000858                SPI1_IRQHandler
                0x0000000008000858                CAN_SCE_IRQHandler
                0x0000000008000858                TAMPER_IRQHandler
                0x0000000008000858                TIM8_UP_IRQHandler
                0x0000000008000858                DMA2_Channel2_IRQHandler
                0x0000000008000858                DMA1_Channel4_IRQHandler
                0x0000000008000858                USART3_IRQHandler
                0x0000000008000858                RTC_IRQHandler
                0x0000000008000858                DMA1_Channel7_IRQHandler
                0x0000000008000858                UART5_IRQHandler
                0x0000000008000858                ADC3_IRQHandler
                0x0000000008000858                TIM4_IRQHandler
                0x0000000008000858                CAN_RX1_IRQHandler
                0x0000000008000858                DMA2_Channel1_IRQHandler
                0x0000000008000858                I2C1_EV_IRQHandler
                0x0000000008000858                DMA1_Channel6_IRQHandler
                0x0000000008000858                UART4_IRQHandler
                0x0000000008000858                TIM3_IRQHandler
                0x0000000008000858                RCC_IRQHandler
                0x0000000008000858                TIM1_TRG_COM_IRQHandler
                0x0000000008000858                DMA1_Channel1_IRQHandler
                0x0000000008000858                Default_Handler
                0x0000000008000858                EXTI15_10_IRQHandler
                0x0000000008000858                TIM7_IRQHandler
                0x0000000008000858                TIM5_IRQHandler
                0x0000000008000858                EXTI9_5_IRQHandler
                0x0000000008000858                SPI2_IRQHandler
                0x0000000008000858                USB_LP_CAN_RX0_IRQHandler
                0x0000000008000858                MemManage_Handler
                0x0000000008000858                SVC_Handler
                0x0000000008000858                DMA1_Channel5_IRQHandler
                0x0000000008000858                EXTI4_IRQHandler
                0x0000000008000858                DMA1_Channel3_IRQHandler
                0x0000000008000858                FSMC_IRQHandler
                0x0000000008000858                TIM1_UP_IRQHandler
                0x0000000008000858                WWDG_IRQHandler
                0x0000000008000858                TIM2_IRQHandler
                0x0000000008000858                TIM1_BRK_IRQHandler
                0x0000000008000858                EXTI1_IRQHandler
                0x0000000008000858                RTCAlarm_IRQHandler
                0x0000000008000858                DMA2_Channel4_5_IRQHandler
                0x0000000008000858                USART2_IRQHandler
                0x0000000008000858                I2C2_ER_IRQHandler
                0x0000000008000858                DMA1_Channel2_IRQHandler
                0x0000000008000858                TIM8_BRK_IRQHandler
                0x0000000008000858                FLASH_IRQHandler
                0x0000000008000858                BusFault_Handler
                0x0000000008000858                USART1_IRQHandler
                0x0000000008000858                SPI3_IRQHandler
                0x0000000008000858                I2C1_ER_IRQHandler
                0x0000000008000858                DMA2_Channel3_IRQHandler
 *fill*         0x000000000800085a        0x2 
 .text.__libc_init_array
                0x000000000800085c       0x48 c:/program files (x86)/stmicroelectronics/stm32cubeide_1.4.0/stm32cubeide/plugins/com.st.stm32cube.ide.mcu.externaltools.gnu-tools-for-stm32.7-2018-q2-update.win32_1.4.0.202007081208/tools/bin/../lib/gcc/arm-none-eabi/7.3.1/../../../../arm-none-eabi/lib/thumb/v7-m\libc_nano.a(lib_a-init.o)
                0x000000000800085c                __libc_init_array
 *(.glue_7)
 .glue_7        0x00000000080008a4        0x0 linker stubs
 *(.glue_7t)
 .glue_7t       0x00000000080008a4        0x0 linker stubs
 *(.eh_frame)
 .eh_frame      0x00000000080008a4        0x0 c:/program files (x86)/stmicroelectronics/stm32cubeide_1.4.0/stm32cubeide/plugins/com.st.stm32cube.ide.mcu.externaltools.gnu-tools-for-stm32.7-2018-q2-update.win32_1.4.0.202007081208/tools/bin/../lib/gcc/arm-none-eabi/7.3.1/thumb/v7-m/crtbegin.o
 *(.init)
 .init          0x00000000080008a4        0x4 c:/program files (x86)/stmicroelectronics/stm32cubeide_1.4.0/stm32cubeide/plugins/com.st.stm32cube.ide.mcu.externaltools.gnu-tools-for-stm32.7-2018-q2-update.win32_1.4.0.202007081208/tools/bin/../lib/gcc/arm-none-eabi/7.3.1/thumb/v7-m/crti.o
                0x00000000080008a4                _init
 .init          0x00000000080008a8        0x8 c:/program files (x86)/stmicroelectronics/stm32cubeide_1.4.0/stm32cubeide/plugins/com.st.stm32cube.ide.mcu.externaltools.gnu-tools-for-stm32.7-2018-q2-update.win32_1.4.0.202007081208/tools/bin/../lib/gcc/arm-none-eabi/7.3.1/thumb/v7-m/crtn.o
 *(.fini)
 .fini          0x00000000080008b0        0x4 c:/program files (x86)/stmicroelectronics/stm32cubeide_1.4.0/stm32cubeide/plugins/com.st.stm32cube.ide.mcu.externaltools.gnu-tools-for-stm32.7-2018-q2-update.win32_1.4.0.202007081208/tools/bin/../lib/gcc/arm-none-eabi/7.3.1/thumb/v7-m/crti.o
                0x00000000080008b0                _fini
 .fini          0x00000000080008b4        0x8 c:/program files (x86)/stmicroelectronics/stm32cubeide_1.4.0/stm32cubeide/plugins/com.st.stm32cube.ide.mcu.externaltools.gnu-tools-for-stm32.7-2018-q2-update.win32_1.4.0.202007081208/tools/bin/../lib/gcc/arm-none-eabi/7.3.1/thumb/v7-m/crtn.o
                0x00000000080008bc                . = ALIGN (0x4)
                0x00000000080008bc                _etext = .

.vfp11_veneer   0x00000000080008bc        0x0
 .vfp11_veneer  0x00000000080008bc        0x0 linker stubs

.v4_bx          0x00000000080008bc        0x0
 .v4_bx         0x00000000080008bc        0x0 linker stubs

.iplt           0x00000000080008bc        0x0
 .iplt          0x00000000080008bc        0x0 c:/program files (x86)/stmicroelectronics/stm32cubeide_1.4.0/stm32cubeide/plugins/com.st.stm32cube.ide.mcu.externaltools.gnu-tools-for-stm32.7-2018-q2-update.win32_1.4.0.202007081208/tools/bin/../lib/gcc/arm-none-eabi/7.3.1/thumb/v7-m/crtbegin.o

.rel.dyn        0x00000000080008bc        0x0
 .rel.iplt      0x00000000080008bc        0x0 c:/program files (x86)/stmicroelectronics/stm32cubeide_1.4.0/stm32cubeide/plugins/com.st.stm32cube.ide.mcu.externaltools.gnu-tools-for-stm32.7-2018-q2-update.win32_1.4.0.202007081208/tools/bin/../lib/gcc/arm-none-eabi/7.3.1/thumb/v7-m/crtbegin.o

.rodata         0x00000000080008bc        0x0
                0x00000000080008bc                . = ALIGN (0x4)
 *(.rodata)
 *(.rodata*)
                0x00000000080008bc                . = ALIGN (0x4)

.ARM.extab      0x00000000080008bc        0x0
                0x00000000080008bc                . = ALIGN (0x4)
 *(.ARM.extab* .gnu.linkonce.armextab.*)
                0x00000000080008bc                . = ALIGN (0x4)

.ARM            0x00000000080008bc        0x0
                0x00000000080008bc                . = ALIGN (0x4)
                0x00000000080008bc                __exidx_start = .
 *(.ARM.exidx*)
                0x00000000080008bc                __exidx_end = .
                0x00000000080008bc                . = ALIGN (0x4)

.preinit_array  0x00000000080008bc        0x0
                0x00000000080008bc                . = ALIGN (0x4)
                0x00000000080008bc                PROVIDE (__preinit_array_start = .)
 *(.preinit_array*)
                0x00000000080008bc                PROVIDE (__preinit_array_end = .)
                0x00000000080008bc                . = ALIGN (0x4)

.init_array     0x00000000080008bc        0x4
                0x00000000080008bc                . = ALIGN (0x4)
                0x00000000080008bc                PROVIDE (__init_array_start = .)
 *(SORT_BY_NAME(.init_array.*))
 *(.init_array*)
 .init_array    0x00000000080008bc        0x4 c:/program files (x86)/stmicroelectronics/stm32cubeide_1.4.0/stm32cubeide/plugins/com.st.stm32cube.ide.mcu.externaltools.gnu-tools-for-stm32.7-2018-q2-update.win32_1.4.0.202007081208/tools/bin/../lib/gcc/arm-none-eabi/7.3.1/thumb/v7-m/crtbegin.o
                0x00000000080008c0                PROVIDE (__init_array_end = .)
                0x00000000080008c0                . = ALIGN (0x4)

.fini_array     0x00000000080008c0        0x4
                0x00000000080008c0                . = ALIGN (0x4)
                [!provide]                        PROVIDE (__fini_array_start = .)
 *(SORT_BY_NAME(.fini_array.*))
 *(.fini_array*)
 .fini_array    0x00000000080008c0        0x4 c:/program files (x86)/stmicroelectronics/stm32cubeide_1.4.0/stm32cubeide/plugins/com.st.stm32cube.ide.mcu.externaltools.gnu-tools-for-stm32.7-2018-q2-update.win32_1.4.0.202007081208/tools/bin/../lib/gcc/arm-none-eabi/7.3.1/thumb/v7-m/crtbegin.o
                [!provide]                        PROVIDE (__fini_array_end = .)
                0x00000000080008c4                . = ALIGN (0x4)
                0x00000000080008c4                _sidata = LOADADDR (.data)

.data           0x0000000020000000        0x0 load address 0x00000000080008c4
                0x0000000020000000                . = ALIGN (0x4)
                0x0000000020000000                _sdata = .
 *(.data)
 *(.data*)
                0x0000000020000000                . = ALIGN (0x4)
                0x0000000020000000                _edata = .

.igot.plt       0x0000000020000000        0x0 load address 0x00000000080008c4
 .igot.plt      0x0000000020000000        0x0 c:/program files (x86)/stmicroelectronics/stm32cubeide_1.4.0/stm32cubeide/plugins/com.st.stm32cube.ide.mcu.externaltools.gnu-tools-for-stm32.7-2018-q2-update.win32_1.4.0.202007081208/tools/bin/../lib/gcc/arm-none-eabi/7.3.1/thumb/v7-m/crtbegin.o
                0x0000000020000000                . = ALIGN (0x4)

.bss            0x0000000020000000       0x24 load address 0x00000000080008c4
                0x0000000020000000                _sbss = .
                0x0000000020000000                __bss_start__ = _sbss
 *(.bss)
 .bss           0x0000000020000000       0x1c c:/program files (x86)/stmicroelectronics/stm32cubeide_1.4.0/stm32cubeide/plugins/com.st.stm32cube.ide.mcu.externaltools.gnu-tools-for-stm32.7-2018-q2-update.win32_1.4.0.202007081208/tools/bin/../lib/gcc/arm-none-eabi/7.3.1/thumb/v7-m/crtbegin.o
 *(.bss*)
 .bss.flag      0x000000002000001c        0x1 Src/STK_progrm.o
                0x000000002000001c                flag
 *(COMMON)
 *fill*         0x000000002000001d        0x3 
 COMMON         0x0000000020000020        0x4 Src/STK_progrm.o
                0x0000000020000020                callback
                0x0000000020000024                . = ALIGN (0x4)
                0x0000000020000024                _ebss = .
                0x0000000020000024                __bss_end__ = _ebss

._user_heap_stack
                0x0000000020000024      0x604 load address 0x00000000080008c4
                0x0000000020000028                . = ALIGN (0x8)
 *fill*         0x0000000020000024        0x4 
                [!provide]                        PROVIDE (end = .)
                [!provide]                        PROVIDE (_end = .)
                0x0000000020000228                . = (. + _Min_Heap_Size)
 *fill*         0x0000000020000028      0x200 
                0x0000000020000628                . = (. + _Min_Stack_Size)
 *fill*         0x0000000020000228      0x400 
                0x0000000020000628                . = ALIGN (0x8)

/DISCARD/
 libc.a(*)
 libm.a(*)
 libgcc.a(*)

.ARM.attributes
                0x0000000000000000       0x29
 *(.ARM.attributes)
 .ARM.attributes
                0x0000000000000000       0x1d c:/program files (x86)/stmicroelectronics/stm32cubeide_1.4.0/stm32cubeide/plugins/com.st.stm32cube.ide.mcu.externaltools.gnu-tools-for-stm32.7-2018-q2-update.win32_1.4.0.202007081208/tools/bin/../lib/gcc/arm-none-eabi/7.3.1/thumb/v7-m/crti.o
 .ARM.attributes
                0x000000000000001d       0x2d c:/program files (x86)/stmicroelectronics/stm32cubeide_1.4.0/stm32cubeide/plugins/com.st.stm32cube.ide.mcu.externaltools.gnu-tools-for-stm32.7-2018-q2-update.win32_1.4.0.202007081208/tools/bin/../lib/gcc/arm-none-eabi/7.3.1/thumb/v7-m/crtbegin.o
 .ARM.attributes
                0x000000000000004a       0x33 Src/ADC_program.o
 .ARM.attributes
                0x000000000000007d       0x33 Src/GPIO_program.o
 .ARM.attributes
                0x00000000000000b0       0x33 Src/NVIC_program.o
 .ARM.attributes
                0x00000000000000e3       0x33 Src/RCC_program.o
 .ARM.attributes
                0x0000000000000116       0x33 Src/STK_progrm.o
 .ARM.attributes
                0x0000000000000149       0x33 Src/USART_program.o
 .ARM.attributes
                0x000000000000017c       0x33 Src/main.o
 .ARM.attributes
                0x00000000000001af       0x21 Startup/startup_stm32f103c8tx.o
 .ARM.attributes
                0x00000000000001d0       0x2d c:/program files (x86)/stmicroelectronics/stm32cubeide_1.4.0/stm32cubeide/plugins/com.st.stm32cube.ide.mcu.externaltools.gnu-tools-for-stm32.7-2018-q2-update.win32_1.4.0.202007081208/tools/bin/../lib/gcc/arm-none-eabi/7.3.1/../../../../arm-none-eabi/lib/thumb/v7-m\libc_nano.a(lib_a-init.o)
 .ARM.attributes
                0x00000000000001fd       0x1d c:/program files (x86)/stmicroelectronics/stm32cubeide_1.4.0/stm32cubeide/plugins/com.st.stm32cube.ide.mcu.externaltools.gnu-tools-for-stm32.7-2018-q2-update.win32_1.4.0.202007081208/tools/bin/../lib/gcc/arm-none-eabi/7.3.1/thumb/v7-m/crtn.o
OUTPUT(ADC.elf elf32-littlearm)

.debug_info     0x0000000000000000      0xe9d
 .debug_info    0x0000000000000000      0x43a Src/ADC_program.o
 .debug_info    0x000000000000043a      0x2ee Src/GPIO_program.o
 .debug_info    0x0000000000000728      0x1bc Src/NVIC_program.o
 .debug_info    0x00000000000008e4       0xe5 Src/RCC_program.o
 .debug_info    0x00000000000009c9      0x17e Src/STK_progrm.o
 .debug_info    0x0000000000000b47      0x1ed Src/USART_program.o
 .debug_info    0x0000000000000d34      0x147 Src/main.o
 .debug_info    0x0000000000000e7b       0x22 Startup/startup_stm32f103c8tx.o

.debug_abbrev   0x0000000000000000      0x5c9
 .debug_abbrev  0x0000000000000000      0x117 Src/ADC_program.o
 .debug_abbrev  0x0000000000000117      0x101 Src/GPIO_program.o
 .debug_abbrev  0x0000000000000218       0x9b Src/NVIC_program.o
 .debug_abbrev  0x00000000000002b3       0x70 Src/RCC_program.o
 .debug_abbrev  0x0000000000000323       0xd2 Src/STK_progrm.o
 .debug_abbrev  0x00000000000003f5      0x108 Src/USART_program.o
 .debug_abbrev  0x00000000000004fd       0xba Src/main.o
 .debug_abbrev  0x00000000000005b7       0x12 Startup/startup_stm32f103c8tx.o

.debug_aranges  0x0000000000000000      0x250
 .debug_aranges
                0x0000000000000000       0x98 Src/ADC_program.o
 .debug_aranges
                0x0000000000000098       0x40 Src/GPIO_program.o
 .debug_aranges
                0x00000000000000d8       0x50 Src/NVIC_program.o
 .debug_aranges
                0x0000000000000128       0x30 Src/RCC_program.o
 .debug_aranges
                0x0000000000000158       0x58 Src/STK_progrm.o
 .debug_aranges
                0x00000000000001b0       0x50 Src/USART_program.o
 .debug_aranges
                0x0000000000000200       0x28 Src/main.o
 .debug_aranges
                0x0000000000000228       0x28 Startup/startup_stm32f103c8tx.o

.debug_ranges   0x0000000000000000      0x1d8
 .debug_ranges  0x0000000000000000       0x88 Src/ADC_program.o
 .debug_ranges  0x0000000000000088       0x30 Src/GPIO_program.o
 .debug_ranges  0x00000000000000b8       0x40 Src/NVIC_program.o
 .debug_ranges  0x00000000000000f8       0x20 Src/RCC_program.o
 .debug_ranges  0x0000000000000118       0x48 Src/STK_progrm.o
 .debug_ranges  0x0000000000000160       0x40 Src/USART_program.o
 .debug_ranges  0x00000000000001a0       0x18 Src/main.o
 .debug_ranges  0x00000000000001b8       0x20 Startup/startup_stm32f103c8tx.o

.debug_macro    0x0000000000000000     0x13cc
 .debug_macro   0x0000000000000000       0x4c Src/ADC_program.o
 .debug_macro   0x000000000000004c      0xa60 Src/ADC_program.o
 .debug_macro   0x0000000000000aac       0x2e Src/ADC_program.o
 .debug_macro   0x0000000000000ada      0x142 Src/ADC_program.o
 .debug_macro   0x0000000000000c1c       0xbe Src/ADC_program.o
 .debug_macro   0x0000000000000cda       0x40 Src/GPIO_program.o
 .debug_macro   0x0000000000000d1a       0xf4 Src/GPIO_program.o
 .debug_macro   0x0000000000000e0e       0x9a Src/GPIO_program.o
 .debug_macro   0x0000000000000ea8       0x40 Src/NVIC_program.o
 .debug_macro   0x0000000000000ee8       0x82 Src/NVIC_program.o
 .debug_macro   0x0000000000000f6a       0x64 Src/NVIC_program.o
 .debug_macro   0x0000000000000fce       0x49 Src/RCC_program.o
 .debug_macro   0x0000000000001017       0x4c Src/RCC_program.o
 .debug_macro   0x0000000000001063       0xe8 Src/RCC_program.o
 .debug_macro   0x000000000000114b       0x2e Src/RCC_program.o
 .debug_macro   0x0000000000001179       0x40 Src/STK_progrm.o
 .debug_macro   0x00000000000011b9       0x1c Src/STK_progrm.o
 .debug_macro   0x00000000000011d5       0x3a Src/STK_progrm.o
 .debug_macro   0x000000000000120f       0x40 Src/USART_program.o
 .debug_macro   0x000000000000124f       0x2e Src/USART_program.o
 .debug_macro   0x000000000000127d       0xe8 Src/USART_program.o
 .debug_macro   0x0000000000001365       0x67 Src/main.o

.debug_line     0x0000000000000000      0xe74
 .debug_line    0x0000000000000000      0x205 Src/ADC_program.o
 .debug_line    0x0000000000000205      0x33d Src/GPIO_program.o
 .debug_line    0x0000000000000542      0x1c6 Src/NVIC_program.o
 .debug_line    0x0000000000000708      0x141 Src/RCC_program.o
 .debug_line    0x0000000000000849      0x1c9 Src/STK_progrm.o
 .debug_line    0x0000000000000a12      0x1c2 Src/USART_program.o
 .debug_line    0x0000000000000bd4      0x21c Src/main.o
 .debug_line    0x0000000000000df0       0x84 Startup/startup_stm32f103c8tx.o

.debug_str      0x0000000000000000     0x4fde
 .debug_str     0x0000000000000000     0x3818 Src/ADC_program.o
                                       0x389d (size before relaxing)
 .debug_str     0x0000000000003818      0x7fb Src/GPIO_program.o
                                       0x3663 (size before relaxing)
 .debug_str     0x0000000000004013      0x546 Src/NVIC_program.o
                                       0x33ae (size before relaxing)
 .debug_str     0x0000000000004559      0x4ab Src/RCC_program.o
                                       0x3313 (size before relaxing)
 .debug_str     0x0000000000004a04      0x237 Src/STK_progrm.o
                                       0x30a4 (size before relaxing)
 .debug_str     0x0000000000004c3b      0x34d Src/USART_program.o
                                       0x31bf (size before relaxing)
 .debug_str     0x0000000000004f88       0x25 Src/main.o
                                       0x3406 (size before relaxing)
 .debug_str     0x0000000000004fad       0x31 Startup/startup_stm32f103c8tx.o
                                         0x66 (size before relaxing)

.comment        0x0000000000000000       0x7b
 .comment       0x0000000000000000       0x7b Src/ADC_program.o
                                         0x7c (size before relaxing)
 .comment       0x000000000000007b       0x7c Src/GPIO_program.o
 .comment       0x000000000000007b       0x7c Src/NVIC_program.o
 .comment       0x000000000000007b       0x7c Src/RCC_program.o
 .comment       0x000000000000007b       0x7c Src/STK_progrm.o
 .comment       0x000000000000007b       0x7c Src/USART_program.o
 .comment       0x000000000000007b       0x7c Src/main.o

.debug_frame    0x0000000000000000      0x798
 .debug_frame   0x0000000000000000      0x268 Src/ADC_program.o
 .debug_frame   0x0000000000000268       0xd8 Src/GPIO_program.o
 .debug_frame   0x0000000000000340      0x128 Src/NVIC_program.o
 .debug_frame   0x0000000000000468       0x80 Src/RCC_program.o
 .debug_frame   0x00000000000004e8      0x120 Src/STK_progrm.o
 .debug_frame   0x0000000000000608      0x110 Src/USART_program.o
 .debug_frame   0x0000000000000718       0x54 Src/main.o
 .debug_frame   0x000000000000076c       0x2c c:/program files (x86)/stmicroelectronics/stm32cubeide_1.4.0/stm32cubeide/plugins/com.st.stm32cube.ide.mcu.externaltools.gnu-tools-for-stm32.7-2018-q2-update.win32_1.4.0.202007081208/tools/bin/../lib/gcc/arm-none-eabi/7.3.1/../../../../arm-none-eabi/lib/thumb/v7-m\libc_nano.a(lib_a-init.o)
