Archive member included to satisfy reference by file (symbol)

c:/program files (x86)/stmicroelectronics/stm32cubeide_1.4.0/stm32cubeide/plugins/com.st.stm32cube.ide.mcu.externaltools.gnu-tools-for-stm32.7-2018-q2-update.win32_1.4.0.202007081208/tools/bin/../lib/gcc/arm-none-eabi/7.3.1/../../../../arm-none-eabi/lib/thumb/v7-m\libc_nano.a(lib_a-exit.o)
                              c:/program files (x86)/stmicroelectronics/stm32cubeide_1.4.0/stm32cubeide/plugins/com.st.stm32cube.ide.mcu.externaltools.gnu-tools-for-stm32.7-2018-q2-update.win32_1.4.0.202007081208/tools/bin/../lib/gcc/arm-none-eabi/7.3.1/../../../../arm-none-eabi/lib/thumb/v7-m/crt0.o (exit)
c:/program files (x86)/stmicroelectronics/stm32cubeide_1.4.0/stm32cubeide/plugins/com.st.stm32cube.ide.mcu.externaltools.gnu-tools-for-stm32.7-2018-q2-update.win32_1.4.0.202007081208/tools/bin/../lib/gcc/arm-none-eabi/7.3.1/../../../../arm-none-eabi/lib/thumb/v7-m\libc_nano.a(lib_a-impure.o)
                              c:/program files (x86)/stmicroelectronics/stm32cubeide_1.4.0/stm32cubeide/plugins/com.st.stm32cube.ide.mcu.externaltools.gnu-tools-for-stm32.7-2018-q2-update.win32_1.4.0.202007081208/tools/bin/../lib/gcc/arm-none-eabi/7.3.1/../../../../arm-none-eabi/lib/thumb/v7-m\libc_nano.a(lib_a-exit.o) (_global_impure_ptr)
c:/program files (x86)/stmicroelectronics/stm32cubeide_1.4.0/stm32cubeide/plugins/com.st.stm32cube.ide.mcu.externaltools.gnu-tools-for-stm32.7-2018-q2-update.win32_1.4.0.202007081208/tools/bin/../lib/gcc/arm-none-eabi/7.3.1/../../../../arm-none-eabi/lib/thumb/v7-m\libc_nano.a(lib_a-init.o)
                              c:/program files (x86)/stmicroelectronics/stm32cubeide_1.4.0/stm32cubeide/plugins/com.st.stm32cube.ide.mcu.externaltools.gnu-tools-for-stm32.7-2018-q2-update.win32_1.4.0.202007081208/tools/bin/../lib/gcc/arm-none-eabi/7.3.1/../../../../arm-none-eabi/lib/thumb/v7-m/crt0.o (__libc_init_array)
c:/program files (x86)/stmicroelectronics/stm32cubeide_1.4.0/stm32cubeide/plugins/com.st.stm32cube.ide.mcu.externaltools.gnu-tools-for-stm32.7-2018-q2-update.win32_1.4.0.202007081208/tools/bin/../lib/gcc/arm-none-eabi/7.3.1/../../../../arm-none-eabi/lib/thumb/v7-m\libc_nano.a(lib_a-memset.o)
                              c:/program files (x86)/stmicroelectronics/stm32cubeide_1.4.0/stm32cubeide/plugins/com.st.stm32cube.ide.mcu.externaltools.gnu-tools-for-stm32.7-2018-q2-update.win32_1.4.0.202007081208/tools/bin/../lib/gcc/arm-none-eabi/7.3.1/../../../../arm-none-eabi/lib/thumb/v7-m/crt0.o (memset)
c:/program files (x86)/stmicroelectronics/stm32cubeide_1.4.0/stm32cubeide/plugins/com.st.stm32cube.ide.mcu.externaltools.gnu-tools-for-stm32.7-2018-q2-update.win32_1.4.0.202007081208/tools/bin/../lib/gcc/arm-none-eabi/7.3.1/../../../../arm-none-eabi/lib/thumb/v7-m\libnosys.a(_exit.o)
                              c:/program files (x86)/stmicroelectronics/stm32cubeide_1.4.0/stm32cubeide/plugins/com.st.stm32cube.ide.mcu.externaltools.gnu-tools-for-stm32.7-2018-q2-update.win32_1.4.0.202007081208/tools/bin/../lib/gcc/arm-none-eabi/7.3.1/../../../../arm-none-eabi/lib/thumb/v7-m\libc_nano.a(lib_a-exit.o) (_exit)

Allocating common symbols
Common symbol       size              file

callback            0x4               Src/STK_progrm.o

Discarded input sections

 .text          0x0000000000000000        0x0 c:/program files (x86)/stmicroelectronics/stm32cubeide_1.4.0/stm32cubeide/plugins/com.st.stm32cube.ide.mcu.externaltools.gnu-tools-for-stm32.7-2018-q2-update.win32_1.4.0.202007081208/tools/bin/../lib/gcc/arm-none-eabi/7.3.1/thumb/v7-m/crti.o
 .data          0x0000000000000000        0x0 c:/program files (x86)/stmicroelectronics/stm32cubeide_1.4.0/stm32cubeide/plugins/com.st.stm32cube.ide.mcu.externaltools.gnu-tools-for-stm32.7-2018-q2-update.win32_1.4.0.202007081208/tools/bin/../lib/gcc/arm-none-eabi/7.3.1/thumb/v7-m/crti.o
 .bss           0x0000000000000000        0x0 c:/program files (x86)/stmicroelectronics/stm32cubeide_1.4.0/stm32cubeide/plugins/com.st.stm32cube.ide.mcu.externaltools.gnu-tools-for-stm32.7-2018-q2-update.win32_1.4.0.202007081208/tools/bin/../lib/gcc/arm-none-eabi/7.3.1/thumb/v7-m/crti.o
 .data          0x0000000000000000        0x4 c:/program files (x86)/stmicroelectronics/stm32cubeide_1.4.0/stm32cubeide/plugins/com.st.stm32cube.ide.mcu.externaltools.gnu-tools-for-stm32.7-2018-q2-update.win32_1.4.0.202007081208/tools/bin/../lib/gcc/arm-none-eabi/7.3.1/thumb/v7-m/crtbegin.o
 .text          0x0000000000000000       0x74 c:/program files (x86)/stmicroelectronics/stm32cubeide_1.4.0/stm32cubeide/plugins/com.st.stm32cube.ide.mcu.externaltools.gnu-tools-for-stm32.7-2018-q2-update.win32_1.4.0.202007081208/tools/bin/../lib/gcc/arm-none-eabi/7.3.1/../../../../arm-none-eabi/lib/thumb/v7-m/crt0.o
 .data          0x0000000000000000        0x0 c:/program files (x86)/stmicroelectronics/stm32cubeide_1.4.0/stm32cubeide/plugins/com.st.stm32cube.ide.mcu.externaltools.gnu-tools-for-stm32.7-2018-q2-update.win32_1.4.0.202007081208/tools/bin/../lib/gcc/arm-none-eabi/7.3.1/../../../../arm-none-eabi/lib/thumb/v7-m/crt0.o
 .bss           0x0000000000000000        0x0 c:/program files (x86)/stmicroelectronics/stm32cubeide_1.4.0/stm32cubeide/plugins/com.st.stm32cube.ide.mcu.externaltools.gnu-tools-for-stm32.7-2018-q2-update.win32_1.4.0.202007081208/tools/bin/../lib/gcc/arm-none-eabi/7.3.1/../../../../arm-none-eabi/lib/thumb/v7-m/crt0.o
 .ARM.extab     0x0000000000000000        0x0 c:/program files (x86)/stmicroelectronics/stm32cubeide_1.4.0/stm32cubeide/plugins/com.st.stm32cube.ide.mcu.externaltools.gnu-tools-for-stm32.7-2018-q2-update.win32_1.4.0.202007081208/tools/bin/../lib/gcc/arm-none-eabi/7.3.1/../../../../arm-none-eabi/lib/thumb/v7-m/crt0.o
 .ARM.exidx     0x0000000000000000        0x8 c:/program files (x86)/stmicroelectronics/stm32cubeide_1.4.0/stm32cubeide/plugins/com.st.stm32cube.ide.mcu.externaltools.gnu-tools-for-stm32.7-2018-q2-update.win32_1.4.0.202007081208/tools/bin/../lib/gcc/arm-none-eabi/7.3.1/../../../../arm-none-eabi/lib/thumb/v7-m/crt0.o
 .ARM.attributes
                0x0000000000000000       0x1b c:/program files (x86)/stmicroelectronics/stm32cubeide_1.4.0/stm32cubeide/plugins/com.st.stm32cube.ide.mcu.externaltools.gnu-tools-for-stm32.7-2018-q2-update.win32_1.4.0.202007081208/tools/bin/../lib/gcc/arm-none-eabi/7.3.1/../../../../arm-none-eabi/lib/thumb/v7-m/crt0.o
 .group         0x0000000000000000        0xc Src/GPIO_program.o
 .group         0x0000000000000000        0xc Src/GPIO_program.o
 .group         0x0000000000000000        0xc Src/GPIO_program.o
 .group         0x0000000000000000        0xc Src/GPIO_program.o
 .text          0x0000000000000000        0x0 Src/GPIO_program.o
 .data          0x0000000000000000        0x0 Src/GPIO_program.o
 .bss           0x0000000000000000        0x0 Src/GPIO_program.o
 .text.MGPIO_voidSetPortDirection
                0x0000000000000000      0x398 Src/GPIO_program.o
 .text.MGPIO_voidWritePort
                0x0000000000000000       0x50 Src/GPIO_program.o
 .group         0x0000000000000000        0xc Src/NVIC_program.o
 .group         0x0000000000000000        0xc Src/NVIC_program.o
 .group         0x0000000000000000        0xc Src/NVIC_program.o
 .group         0x0000000000000000        0xc Src/NVIC_program.o
 .text          0x0000000000000000        0x0 Src/NVIC_program.o
 .data          0x0000000000000000        0x0 Src/NVIC_program.o
 .bss           0x0000000000000000        0x0 Src/NVIC_program.o
 .text.MNVIC_voidEnableInterrupt
                0x0000000000000000       0x40 Src/NVIC_program.o
 .text.MNVIC_voidDisableInterrupt
                0x0000000000000000       0x40 Src/NVIC_program.o
 .text.MNVIC_voidSetPendingFlag
                0x0000000000000000       0x40 Src/NVIC_program.o
 .text.MNVIC_voidClearPendingFlag
                0x0000000000000000       0x40 Src/NVIC_program.o
 .text.MNVIC_u8GetActiveFlag
                0x0000000000000000       0x54 Src/NVIC_program.o
 .text.MNVIC_voidSetPriority
                0x0000000000000000       0x64 Src/NVIC_program.o
 .text.MNVIC_voidTriggerSoftwareInterrupt
                0x0000000000000000       0x20 Src/NVIC_program.o
 .debug_info    0x0000000000000000      0x1a7 Src/NVIC_program.o
 .debug_abbrev  0x0000000000000000       0x9b Src/NVIC_program.o
 .debug_aranges
                0x0000000000000000       0x50 Src/NVIC_program.o
 .debug_ranges  0x0000000000000000       0x40 Src/NVIC_program.o
 .debug_macro   0x0000000000000000       0x40 Src/NVIC_program.o
 .debug_macro   0x0000000000000000      0xa60 Src/NVIC_program.o
 .debug_macro   0x0000000000000000       0x2e Src/NVIC_program.o
 .debug_macro   0x0000000000000000       0x46 Src/NVIC_program.o
 .debug_macro   0x0000000000000000       0x64 Src/NVIC_program.o
 .debug_line    0x0000000000000000      0x1c6 Src/NVIC_program.o
 .debug_str     0x0000000000000000     0x32de Src/NVIC_program.o
 .comment       0x0000000000000000       0x7c Src/NVIC_program.o
 .debug_frame   0x0000000000000000      0x128 Src/NVIC_program.o
 .ARM.attributes
                0x0000000000000000       0x33 Src/NVIC_program.o
 .group         0x0000000000000000        0xc Src/RCC_program.o
 .group         0x0000000000000000        0xc Src/RCC_program.o
 .group         0x0000000000000000        0xc Src/RCC_program.o
 .group         0x0000000000000000        0xc Src/RCC_program.o
 .group         0x0000000000000000        0xc Src/RCC_program.o
 .text          0x0000000000000000        0x0 Src/RCC_program.o
 .data          0x0000000000000000        0x0 Src/RCC_program.o
 .bss           0x0000000000000000        0x0 Src/RCC_program.o
 .text.RCC_voidDisableClock
                0x0000000000000000       0x84 Src/RCC_program.o
 .debug_macro   0x0000000000000000      0xa60 Src/RCC_program.o
 .debug_macro   0x0000000000000000       0x2e Src/RCC_program.o
 .group         0x0000000000000000        0xc Src/STK_progrm.o
 .group         0x0000000000000000        0xc Src/STK_progrm.o
 .group         0x0000000000000000        0xc Src/STK_progrm.o
 .group         0x0000000000000000        0xc Src/STK_progrm.o
 .text          0x0000000000000000        0x0 Src/STK_progrm.o
 .data          0x0000000000000000        0x0 Src/STK_progrm.o
 .bss           0x0000000000000000        0x0 Src/STK_progrm.o
 .text.MSKT_voidSetIntervalSingle
                0x0000000000000000       0x44 Src/STK_progrm.o
 .text.MSTK_voidSetIntervalPeriodic
                0x0000000000000000       0x44 Src/STK_progrm.o
 .text.MSTK_voidStopInterval
                0x0000000000000000       0x1c Src/STK_progrm.o
 .text.MSTK_u32GetElapsedTime
                0x0000000000000000       0x20 Src/STK_progrm.o
 .text.MSTK_u32GetRemainingTime
                0x0000000000000000       0x14 Src/STK_progrm.o
 .debug_macro   0x0000000000000000      0xa60 Src/STK_progrm.o
 .debug_macro   0x0000000000000000       0x2e Src/STK_progrm.o
 .group         0x0000000000000000        0xc Src/main.o
 .group         0x0000000000000000        0xc Src/main.o
 .group         0x0000000000000000        0xc Src/main.o
 .group         0x0000000000000000        0xc Src/main.o
 .group         0x0000000000000000        0xc Src/main.o
 .text          0x0000000000000000        0x0 Src/main.o
 .data          0x0000000000000000        0x0 Src/main.o
 .bss           0x0000000000000000        0x0 Src/main.o
 .text.ISR      0x0000000000000000       0x26 Src/main.o
 .debug_macro   0x0000000000000000      0xa60 Src/main.o
 .debug_macro   0x0000000000000000       0x2e Src/main.o
 .debug_macro   0x0000000000000000       0x28 Src/main.o
 .debug_macro   0x0000000000000000       0xf4 Src/main.o
 .debug_macro   0x0000000000000000       0x46 Src/main.o
 .text          0x0000000000000000       0x14 Startup/startup_stm32f103c8tx.o
 .data          0x0000000000000000        0x0 Startup/startup_stm32f103c8tx.o
 .bss           0x0000000000000000        0x0 Startup/startup_stm32f103c8tx.o
 .text          0x0000000000000000        0x0 c:/program files (x86)/stmicroelectronics/stm32cubeide_1.4.0/stm32cubeide/plugins/com.st.stm32cube.ide.mcu.externaltools.gnu-tools-for-stm32.7-2018-q2-update.win32_1.4.0.202007081208/tools/bin/../lib/gcc/arm-none-eabi/7.3.1/../../../../arm-none-eabi/lib/thumb/v7-m\libc_nano.a(lib_a-exit.o)
 .data          0x0000000000000000        0x0 c:/program files (x86)/stmicroelectronics/stm32cubeide_1.4.0/stm32cubeide/plugins/com.st.stm32cube.ide.mcu.externaltools.gnu-tools-for-stm32.7-2018-q2-update.win32_1.4.0.202007081208/tools/bin/../lib/gcc/arm-none-eabi/7.3.1/../../../../arm-none-eabi/lib/thumb/v7-m\libc_nano.a(lib_a-exit.o)
 .bss           0x0000000000000000        0x0 c:/program files (x86)/stmicroelectronics/stm32cubeide_1.4.0/stm32cubeide/plugins/com.st.stm32cube.ide.mcu.externaltools.gnu-tools-for-stm32.7-2018-q2-update.win32_1.4.0.202007081208/tools/bin/../lib/gcc/arm-none-eabi/7.3.1/../../../../arm-none-eabi/lib/thumb/v7-m\libc_nano.a(lib_a-exit.o)
 .text.exit     0x0000000000000000       0x28 c:/program files (x86)/stmicroelectronics/stm32cubeide_1.4.0/stm32cubeide/plugins/com.st.stm32cube.ide.mcu.externaltools.gnu-tools-for-stm32.7-2018-q2-update.win32_1.4.0.202007081208/tools/bin/../lib/gcc/arm-none-eabi/7.3.1/../../../../arm-none-eabi/lib/thumb/v7-m\libc_nano.a(lib_a-exit.o)
 .debug_frame   0x0000000000000000       0x28 c:/program files (x86)/stmicroelectronics/stm32cubeide_1.4.0/stm32cubeide/plugins/com.st.stm32cube.ide.mcu.externaltools.gnu-tools-for-stm32.7-2018-q2-update.win32_1.4.0.202007081208/tools/bin/../lib/gcc/arm-none-eabi/7.3.1/../../../../arm-none-eabi/lib/thumb/v7-m\libc_nano.a(lib_a-exit.o)
 .ARM.attributes
                0x0000000000000000       0x2d c:/program files (x86)/stmicroelectronics/stm32cubeide_1.4.0/stm32cubeide/plugins/com.st.stm32cube.ide.mcu.externaltools.gnu-tools-for-stm32.7-2018-q2-update.win32_1.4.0.202007081208/tools/bin/../lib/gcc/arm-none-eabi/7.3.1/../../../../arm-none-eabi/lib/thumb/v7-m\libc_nano.a(lib_a-exit.o)
 .text          0x0000000000000000        0x0 c:/program files (x86)/stmicroelectronics/stm32cubeide_1.4.0/stm32cubeide/plugins/com.st.stm32cube.ide.mcu.externaltools.gnu-tools-for-stm32.7-2018-q2-update.win32_1.4.0.202007081208/tools/bin/../lib/gcc/arm-none-eabi/7.3.1/../../../../arm-none-eabi/lib/thumb/v7-m\libc_nano.a(lib_a-impure.o)
 .data          0x0000000000000000        0x0 c:/program files (x86)/stmicroelectronics/stm32cubeide_1.4.0/stm32cubeide/plugins/com.st.stm32cube.ide.mcu.externaltools.gnu-tools-for-stm32.7-2018-q2-update.win32_1.4.0.202007081208/tools/bin/../lib/gcc/arm-none-eabi/7.3.1/../../../../arm-none-eabi/lib/thumb/v7-m\libc_nano.a(lib_a-impure.o)
 .bss           0x0000000000000000        0x0 c:/program files (x86)/stmicroelectronics/stm32cubeide_1.4.0/stm32cubeide/plugins/com.st.stm32cube.ide.mcu.externaltools.gnu-tools-for-stm32.7-2018-q2-update.win32_1.4.0.202007081208/tools/bin/../lib/gcc/arm-none-eabi/7.3.1/../../../../arm-none-eabi/lib/thumb/v7-m\libc_nano.a(lib_a-impure.o)
 .data._impure_ptr
                0x0000000000000000        0x4 c:/program files (x86)/stmicroelectronics/stm32cubeide_1.4.0/stm32cubeide/plugins/com.st.stm32cube.ide.mcu.externaltools.gnu-tools-for-stm32.7-2018-q2-update.win32_1.4.0.202007081208/tools/bin/../lib/gcc/arm-none-eabi/7.3.1/../../../../arm-none-eabi/lib/thumb/v7-m\libc_nano.a(lib_a-impure.o)
 .data.impure_data
                0x0000000000000000       0x60 c:/program files (x86)/stmicroelectronics/stm32cubeide_1.4.0/stm32cubeide/plugins/com.st.stm32cube.ide.mcu.externaltools.gnu-tools-for-stm32.7-2018-q2-update.win32_1.4.0.202007081208/tools/bin/../lib/gcc/arm-none-eabi/7.3.1/../../../../arm-none-eabi/lib/thumb/v7-m\libc_nano.a(lib_a-impure.o)
 .rodata._global_impure_ptr
                0x0000000000000000        0x4 c:/program files (x86)/stmicroelectronics/stm32cubeide_1.4.0/stm32cubeide/plugins/com.st.stm32cube.ide.mcu.externaltools.gnu-tools-for-stm32.7-2018-q2-update.win32_1.4.0.202007081208/tools/bin/../lib/gcc/arm-none-eabi/7.3.1/../../../../arm-none-eabi/lib/thumb/v7-m\libc_nano.a(lib_a-impure.o)
 .ARM.attributes
                0x0000000000000000       0x2d c:/program files (x86)/stmicroelectronics/stm32cubeide_1.4.0/stm32cubeide/plugins/com.st.stm32cube.ide.mcu.externaltools.gnu-tools-for-stm32.7-2018-q2-update.win32_1.4.0.202007081208/tools/bin/../lib/gcc/arm-none-eabi/7.3.1/../../../../arm-none-eabi/lib/thumb/v7-m\libc_nano.a(lib_a-impure.o)
 .text          0x0000000000000000        0x0 c:/program files (x86)/stmicroelectronics/stm32cubeide_1.4.0/stm32cubeide/plugins/com.st.stm32cube.ide.mcu.externaltools.gnu-tools-for-stm32.7-2018-q2-update.win32_1.4.0.202007081208/tools/bin/../lib/gcc/arm-none-eabi/7.3.1/../../../../arm-none-eabi/lib/thumb/v7-m\libc_nano.a(lib_a-init.o)
 .data          0x0000000000000000        0x0 c:/program files (x86)/stmicroelectronics/stm32cubeide_1.4.0/stm32cubeide/plugins/com.st.stm32cube.ide.mcu.externaltools.gnu-tools-for-stm32.7-2018-q2-update.win32_1.4.0.202007081208/tools/bin/../lib/gcc/arm-none-eabi/7.3.1/../../../../arm-none-eabi/lib/thumb/v7-m\libc_nano.a(lib_a-init.o)
 .bss           0x0000000000000000        0x0 c:/program files (x86)/stmicroelectronics/stm32cubeide_1.4.0/stm32cubeide/plugins/com.st.stm32cube.ide.mcu.externaltools.gnu-tools-for-stm32.7-2018-q2-update.win32_1.4.0.202007081208/tools/bin/../lib/gcc/arm-none-eabi/7.3.1/../../../../arm-none-eabi/lib/thumb/v7-m\libc_nano.a(lib_a-init.o)
 .text          0x0000000000000000        0x0 c:/program files (x86)/stmicroelectronics/stm32cubeide_1.4.0/stm32cubeide/plugins/com.st.stm32cube.ide.mcu.externaltools.gnu-tools-for-stm32.7-2018-q2-update.win32_1.4.0.202007081208/tools/bin/../lib/gcc/arm-none-eabi/7.3.1/../../../../arm-none-eabi/lib/thumb/v7-m\libc_nano.a(lib_a-memset.o)
 .data          0x0000000000000000        0x0 c:/program files (x86)/stmicroelectronics/stm32cubeide_1.4.0/stm32cubeide/plugins/com.st.stm32cube.ide.mcu.externaltools.gnu-tools-for-stm32.7-2018-q2-update.win32_1.4.0.202007081208/tools/bin/../lib/gcc/arm-none-eabi/7.3.1/../../../../arm-none-eabi/lib/thumb/v7-m\libc_nano.a(lib_a-memset.o)
 .bss           0x0000000000000000        0x0 c:/program files (x86)/stmicroelectronics/stm32cubeide_1.4.0/stm32cubeide/plugins/com.st.stm32cube.ide.mcu.externaltools.gnu-tools-for-stm32.7-2018-q2-update.win32_1.4.0.202007081208/tools/bin/../lib/gcc/arm-none-eabi/7.3.1/../../../../arm-none-eabi/lib/thumb/v7-m\libc_nano.a(lib_a-memset.o)
 .text.memset   0x0000000000000000       0x10 c:/program files (x86)/stmicroelectronics/stm32cubeide_1.4.0/stm32cubeide/plugins/com.st.stm32cube.ide.mcu.externaltools.gnu-tools-for-stm32.7-2018-q2-update.win32_1.4.0.202007081208/tools/bin/../lib/gcc/arm-none-eabi/7.3.1/../../../../arm-none-eabi/lib/thumb/v7-m\libc_nano.a(lib_a-memset.o)
 .debug_frame   0x0000000000000000       0x20 c:/program files (x86)/stmicroelectronics/stm32cubeide_1.4.0/stm32cubeide/plugins/com.st.stm32cube.ide.mcu.externaltools.gnu-tools-for-stm32.7-2018-q2-update.win32_1.4.0.202007081208/tools/bin/../lib/gcc/arm-none-eabi/7.3.1/../../../../arm-none-eabi/lib/thumb/v7-m\libc_nano.a(lib_a-memset.o)
 .ARM.attributes
                0x0000000000000000       0x2d c:/program files (x86)/stmicroelectronics/stm32cubeide_1.4.0/stm32cubeide/plugins/com.st.stm32cube.ide.mcu.externaltools.gnu-tools-for-stm32.7-2018-q2-update.win32_1.4.0.202007081208/tools/bin/../lib/gcc/arm-none-eabi/7.3.1/../../../../arm-none-eabi/lib/thumb/v7-m\libc_nano.a(lib_a-memset.o)
 .text          0x0000000000000000        0x0 c:/program files (x86)/stmicroelectronics/stm32cubeide_1.4.0/stm32cubeide/plugins/com.st.stm32cube.ide.mcu.externaltools.gnu-tools-for-stm32.7-2018-q2-update.win32_1.4.0.202007081208/tools/bin/../lib/gcc/arm-none-eabi/7.3.1/../../../../arm-none-eabi/lib/thumb/v7-m\libnosys.a(_exit.o)
 .data          0x0000000000000000        0x0 c:/program files (x86)/stmicroelectronics/stm32cubeide_1.4.0/stm32cubeide/plugins/com.st.stm32cube.ide.mcu.externaltools.gnu-tools-for-stm32.7-2018-q2-update.win32_1.4.0.202007081208/tools/bin/../lib/gcc/arm-none-eabi/7.3.1/../../../../arm-none-eabi/lib/thumb/v7-m\libnosys.a(_exit.o)
 .bss           0x0000000000000000        0x0 c:/program files (x86)/stmicroelectronics/stm32cubeide_1.4.0/stm32cubeide/plugins/com.st.stm32cube.ide.mcu.externaltools.gnu-tools-for-stm32.7-2018-q2-update.win32_1.4.0.202007081208/tools/bin/../lib/gcc/arm-none-eabi/7.3.1/../../../../arm-none-eabi/lib/thumb/v7-m\libnosys.a(_exit.o)
 .text._exit    0x0000000000000000        0x2 c:/program files (x86)/stmicroelectronics/stm32cubeide_1.4.0/stm32cubeide/plugins/com.st.stm32cube.ide.mcu.externaltools.gnu-tools-for-stm32.7-2018-q2-update.win32_1.4.0.202007081208/tools/bin/../lib/gcc/arm-none-eabi/7.3.1/../../../../arm-none-eabi/lib/thumb/v7-m\libnosys.a(_exit.o)
 .debug_frame   0x0000000000000000       0x20 c:/program files (x86)/stmicroelectronics/stm32cubeide_1.4.0/stm32cubeide/plugins/com.st.stm32cube.ide.mcu.externaltools.gnu-tools-for-stm32.7-2018-q2-update.win32_1.4.0.202007081208/tools/bin/../lib/gcc/arm-none-eabi/7.3.1/../../../../arm-none-eabi/lib/thumb/v7-m\libnosys.a(_exit.o)
 .ARM.attributes
                0x0000000000000000       0x2d c:/program files (x86)/stmicroelectronics/stm32cubeide_1.4.0/stm32cubeide/plugins/com.st.stm32cube.ide.mcu.externaltools.gnu-tools-for-stm32.7-2018-q2-update.win32_1.4.0.202007081208/tools/bin/../lib/gcc/arm-none-eabi/7.3.1/../../../../arm-none-eabi/lib/thumb/v7-m\libnosys.a(_exit.o)
 .text          0x0000000000000000        0x0 c:/program files (x86)/stmicroelectronics/stm32cubeide_1.4.0/stm32cubeide/plugins/com.st.stm32cube.ide.mcu.externaltools.gnu-tools-for-stm32.7-2018-q2-update.win32_1.4.0.202007081208/tools/bin/../lib/gcc/arm-none-eabi/7.3.1/thumb/v7-m/crtend.o
 .data          0x0000000000000000        0x0 c:/program files (x86)/stmicroelectronics/stm32cubeide_1.4.0/stm32cubeide/plugins/com.st.stm32cube.ide.mcu.externaltools.gnu-tools-for-stm32.7-2018-q2-update.win32_1.4.0.202007081208/tools/bin/../lib/gcc/arm-none-eabi/7.3.1/thumb/v7-m/crtend.o
 .bss           0x0000000000000000        0x0 c:/program files (x86)/stmicroelectronics/stm32cubeide_1.4.0/stm32cubeide/plugins/com.st.stm32cube.ide.mcu.externaltools.gnu-tools-for-stm32.7-2018-q2-update.win32_1.4.0.202007081208/tools/bin/../lib/gcc/arm-none-eabi/7.3.1/thumb/v7-m/crtend.o
 .eh_frame      0x0000000000000000        0x4 c:/program files (x86)/stmicroelectronics/stm32cubeide_1.4.0/stm32cubeide/plugins/com.st.stm32cube.ide.mcu.externaltools.gnu-tools-for-stm32.7-2018-q2-update.win32_1.4.0.202007081208/tools/bin/../lib/gcc/arm-none-eabi/7.3.1/thumb/v7-m/crtend.o
 .ARM.attributes
                0x0000000000000000       0x2d c:/program files (x86)/stmicroelectronics/stm32cubeide_1.4.0/stm32cubeide/plugins/com.st.stm32cube.ide.mcu.externaltools.gnu-tools-for-stm32.7-2018-q2-update.win32_1.4.0.202007081208/tools/bin/../lib/gcc/arm-none-eabi/7.3.1/thumb/v7-m/crtend.o
 .text          0x0000000000000000        0x0 c:/program files (x86)/stmicroelectronics/stm32cubeide_1.4.0/stm32cubeide/plugins/com.st.stm32cube.ide.mcu.externaltools.gnu-tools-for-stm32.7-2018-q2-update.win32_1.4.0.202007081208/tools/bin/../lib/gcc/arm-none-eabi/7.3.1/thumb/v7-m/crtn.o
 .data          0x0000000000000000        0x0 c:/program files (x86)/stmicroelectronics/stm32cubeide_1.4.0/stm32cubeide/plugins/com.st.stm32cube.ide.mcu.externaltools.gnu-tools-for-stm32.7-2018-q2-update.win32_1.4.0.202007081208/tools/bin/../lib/gcc/arm-none-eabi/7.3.1/thumb/v7-m/crtn.o
 .bss           0x0000000000000000        0x0 c:/program files (x86)/stmicroelectronics/stm32cubeide_1.4.0/stm32cubeide/plugins/com.st.stm32cube.ide.mcu.externaltools.gnu-tools-for-stm32.7-2018-q2-update.win32_1.4.0.202007081208/tools/bin/../lib/gcc/arm-none-eabi/7.3.1/thumb/v7-m/crtn.o

Memory Configuration

Name             Origin             Length             Attributes
RAM              0x0000000020000000 0x0000000000005000 xrw
ROM              0x0000000008000000 0x0000000000010000 xr
*default*        0x0000000000000000 0xffffffffffffffff

Linker script and memory map

LOAD c:/program files (x86)/stmicroelectronics/stm32cubeide_1.4.0/stm32cubeide/plugins/com.st.stm32cube.ide.mcu.externaltools.gnu-tools-for-stm32.7-2018-q2-update.win32_1.4.0.202007081208/tools/bin/../lib/gcc/arm-none-eabi/7.3.1/thumb/v7-m/crti.o
LOAD c:/program files (x86)/stmicroelectronics/stm32cubeide_1.4.0/stm32cubeide/plugins/com.st.stm32cube.ide.mcu.externaltools.gnu-tools-for-stm32.7-2018-q2-update.win32_1.4.0.202007081208/tools/bin/../lib/gcc/arm-none-eabi/7.3.1/thumb/v7-m/crtbegin.o
LOAD c:/program files (x86)/stmicroelectronics/stm32cubeide_1.4.0/stm32cubeide/plugins/com.st.stm32cube.ide.mcu.externaltools.gnu-tools-for-stm32.7-2018-q2-update.win32_1.4.0.202007081208/tools/bin/../lib/gcc/arm-none-eabi/7.3.1/../../../../arm-none-eabi/lib/thumb/v7-m/crt0.o
LOAD Src/GPIO_program.o
LOAD Src/NVIC_program.o
LOAD Src/RCC_program.o
LOAD Src/STK_progrm.o
LOAD Src/main.o
LOAD Startup/startup_stm32f103c8tx.o
START GROUP
LOAD c:/program files (x86)/stmicroelectronics/stm32cubeide_1.4.0/stm32cubeide/plugins/com.st.stm32cube.ide.mcu.externaltools.gnu-tools-for-stm32.7-2018-q2-update.win32_1.4.0.202007081208/tools/bin/../lib/gcc/arm-none-eabi/7.3.1/../../../../arm-none-eabi/lib/thumb/v7-m\libc_nano.a
LOAD c:/program files (x86)/stmicroelectronics/stm32cubeide_1.4.0/stm32cubeide/plugins/com.st.stm32cube.ide.mcu.externaltools.gnu-tools-for-stm32.7-2018-q2-update.win32_1.4.0.202007081208/tools/bin/../lib/gcc/arm-none-eabi/7.3.1/../../../../arm-none-eabi/lib/thumb/v7-m\libm.a
END GROUP
START GROUP
LOAD c:/program files (x86)/stmicroelectronics/stm32cubeide_1.4.0/stm32cubeide/plugins/com.st.stm32cube.ide.mcu.externaltools.gnu-tools-for-stm32.7-2018-q2-update.win32_1.4.0.202007081208/tools/bin/../lib/gcc/arm-none-eabi/7.3.1/thumb/v7-m\libgcc.a
LOAD c:/program files (x86)/stmicroelectronics/stm32cubeide_1.4.0/stm32cubeide/plugins/com.st.stm32cube.ide.mcu.externaltools.gnu-tools-for-stm32.7-2018-q2-update.win32_1.4.0.202007081208/tools/bin/../lib/gcc/arm-none-eabi/7.3.1/../../../../arm-none-eabi/lib/thumb/v7-m\libc_nano.a
END GROUP
START GROUP
LOAD c:/program files (x86)/stmicroelectronics/stm32cubeide_1.4.0/stm32cubeide/plugins/com.st.stm32cube.ide.mcu.externaltools.gnu-tools-for-stm32.7-2018-q2-update.win32_1.4.0.202007081208/tools/bin/../lib/gcc/arm-none-eabi/7.3.1/thumb/v7-m\libgcc.a
LOAD c:/program files (x86)/stmicroelectronics/stm32cubeide_1.4.0/stm32cubeide/plugins/com.st.stm32cube.ide.mcu.externaltools.gnu-tools-for-stm32.7-2018-q2-update.win32_1.4.0.202007081208/tools/bin/../lib/gcc/arm-none-eabi/7.3.1/../../../../arm-none-eabi/lib/thumb/v7-m\libc_nano.a
LOAD c:/program files (x86)/stmicroelectronics/stm32cubeide_1.4.0/stm32cubeide/plugins/com.st.stm32cube.ide.mcu.externaltools.gnu-tools-for-stm32.7-2018-q2-update.win32_1.4.0.202007081208/tools/bin/../lib/gcc/arm-none-eabi/7.3.1/../../../../arm-none-eabi/lib/thumb/v7-m\libnosys.a
END GROUP
START GROUP
LOAD c:/program files (x86)/stmicroelectronics/stm32cubeide_1.4.0/stm32cubeide/plugins/com.st.stm32cube.ide.mcu.externaltools.gnu-tools-for-stm32.7-2018-q2-update.win32_1.4.0.202007081208/tools/bin/../lib/gcc/arm-none-eabi/7.3.1/thumb/v7-m\libgcc.a
LOAD c:/program files (x86)/stmicroelectronics/stm32cubeide_1.4.0/stm32cubeide/plugins/com.st.stm32cube.ide.mcu.externaltools.gnu-tools-for-stm32.7-2018-q2-update.win32_1.4.0.202007081208/tools/bin/../lib/gcc/arm-none-eabi/7.3.1/../../../../arm-none-eabi/lib/thumb/v7-m\libc_nano.a
LOAD c:/program files (x86)/stmicroelectronics/stm32cubeide_1.4.0/stm32cubeide/plugins/com.st.stm32cube.ide.mcu.externaltools.gnu-tools-for-stm32.7-2018-q2-update.win32_1.4.0.202007081208/tools/bin/../lib/gcc/arm-none-eabi/7.3.1/../../../../arm-none-eabi/lib/thumb/v7-m\libnosys.a
END GROUP
LOAD c:/program files (x86)/stmicroelectronics/stm32cubeide_1.4.0/stm32cubeide/plugins/com.st.stm32cube.ide.mcu.externaltools.gnu-tools-for-stm32.7-2018-q2-update.win32_1.4.0.202007081208/tools/bin/../lib/gcc/arm-none-eabi/7.3.1/thumb/v7-m/crtend.o
LOAD c:/program files (x86)/stmicroelectronics/stm32cubeide_1.4.0/stm32cubeide/plugins/com.st.stm32cube.ide.mcu.externaltools.gnu-tools-for-stm32.7-2018-q2-update.win32_1.4.0.202007081208/tools/bin/../lib/gcc/arm-none-eabi/7.3.1/thumb/v7-m/crtn.o
                0x0000000020005000                _estack = (ORIGIN (RAM) + LENGTH (RAM))
                0x0000000000000200                _Min_Heap_Size = 0x200
                0x0000000000000400                _Min_Stack_Size = 0x400

.isr_vector     0x0000000008000000      0x130
                0x0000000008000000                . = ALIGN (0x4)
 *(.isr_vector)
 .isr_vector    0x0000000008000000      0x130 Startup/startup_stm32f103c8tx.o
                0x0000000008000000                g_pfnVectors
                0x0000000008000130                . = ALIGN (0x4)

.text           0x0000000008000130      0x600
                0x0000000008000130                . = ALIGN (0x4)
 *(.text)
 .text          0x0000000008000130       0x40 c:/program files (x86)/stmicroelectronics/stm32cubeide_1.4.0/stm32cubeide/plugins/com.st.stm32cube.ide.mcu.externaltools.gnu-tools-for-stm32.7-2018-q2-update.win32_1.4.0.202007081208/tools/bin/../lib/gcc/arm-none-eabi/7.3.1/thumb/v7-m/crtbegin.o
 *(.text*)
 .text.MGPIO_voidSetPinDirection
                0x0000000008000170      0x1a0 Src/GPIO_program.o
                0x0000000008000170                MGPIO_voidSetPinDirection
 .text.MGPIO_voidSetPinValue
                0x0000000008000310      0x104 Src/GPIO_program.o
                0x0000000008000310                MGPIO_voidSetPinValue
 .text.MGPIO_u8GetPinValue
                0x0000000008000414       0x94 Src/GPIO_program.o
                0x0000000008000414                MGPIO_u8GetPinValue
 .text.RCC_voidInitSysClock
                0x00000000080004a8       0x3c Src/RCC_program.o
                0x00000000080004a8                RCC_voidInitSysClock
 .text.RCC_voidEnableClock
                0x00000000080004e4       0x80 Src/RCC_program.o
                0x00000000080004e4                RCC_voidEnableClock
 .text.MSTK_voidInit
                0x0000000008000564       0x34 Src/STK_progrm.o
                0x0000000008000564                MSTK_voidInit
 .text.MSTK_voidSetBusyWait
                0x0000000008000598       0x48 Src/STK_progrm.o
                0x0000000008000598                MSTK_voidSetBusyWait
 .text.SysTick_Handler
                0x00000000080005e0       0x30 Src/STK_progrm.o
                0x00000000080005e0                SysTick_Handler
 .text.main     0x0000000008000610       0x6c Src/main.o
                0x0000000008000610                main
 .text.Reset_Handler
                0x000000000800067c       0x50 Startup/startup_stm32f103c8tx.o
                0x000000000800067c                Reset_Handler
 .text.Default_Handler
                0x00000000080006cc        0x2 Startup/startup_stm32f103c8tx.o
                0x00000000080006cc                EXTI2_IRQHandler
                0x00000000080006cc                TIM8_TRG_COM_IRQHandler
                0x00000000080006cc                TIM8_CC_IRQHandler
                0x00000000080006cc                DebugMon_Handler
                0x00000000080006cc                TIM1_CC_IRQHandler
                0x00000000080006cc                HardFault_Handler
                0x00000000080006cc                TIM6_IRQHandler
                0x00000000080006cc                PVD_IRQHandler
                0x00000000080006cc                SDIO_IRQHandler
                0x00000000080006cc                PendSV_Handler
                0x00000000080006cc                NMI_Handler
                0x00000000080006cc                EXTI3_IRQHandler
                0x00000000080006cc                USB_HP_CAN_TX_IRQHandler
                0x00000000080006cc                EXTI0_IRQHandler
                0x00000000080006cc                I2C2_EV_IRQHandler
                0x00000000080006cc                UsageFault_Handler
                0x00000000080006cc                ADC1_2_IRQHandler
                0x00000000080006cc                SPI1_IRQHandler
                0x00000000080006cc                CAN_SCE_IRQHandler
                0x00000000080006cc                TAMPER_IRQHandler
                0x00000000080006cc                TIM8_UP_IRQHandler
                0x00000000080006cc                DMA2_Channel2_IRQHandler
                0x00000000080006cc                DMA1_Channel4_IRQHandler
                0x00000000080006cc                USART3_IRQHandler
                0x00000000080006cc                RTC_IRQHandler
                0x00000000080006cc                DMA1_Channel7_IRQHandler
                0x00000000080006cc                UART5_IRQHandler
                0x00000000080006cc                ADC3_IRQHandler
                0x00000000080006cc                TIM4_IRQHandler
                0x00000000080006cc                CAN_RX1_IRQHandler
                0x00000000080006cc                DMA2_Channel1_IRQHandler
                0x00000000080006cc                I2C1_EV_IRQHandler
                0x00000000080006cc                DMA1_Channel6_IRQHandler
                0x00000000080006cc                UART4_IRQHandler
                0x00000000080006cc                TIM3_IRQHandler
                0x00000000080006cc                RCC_IRQHandler
                0x00000000080006cc                TIM1_TRG_COM_IRQHandler
                0x00000000080006cc                DMA1_Channel1_IRQHandler
                0x00000000080006cc                Default_Handler
                0x00000000080006cc                EXTI15_10_IRQHandler
                0x00000000080006cc                TIM7_IRQHandler
                0x00000000080006cc                TIM5_IRQHandler
                0x00000000080006cc                EXTI9_5_IRQHandler
                0x00000000080006cc                SPI2_IRQHandler
                0x00000000080006cc                USB_LP_CAN_RX0_IRQHandler
                0x00000000080006cc                MemManage_Handler
                0x00000000080006cc                SVC_Handler
                0x00000000080006cc                DMA1_Channel5_IRQHandler
                0x00000000080006cc                EXTI4_IRQHandler
                0x00000000080006cc                DMA1_Channel3_IRQHandler
                0x00000000080006cc                FSMC_IRQHandler
                0x00000000080006cc                TIM1_UP_IRQHandler
                0x00000000080006cc                WWDG_IRQHandler
                0x00000000080006cc                TIM2_IRQHandler
                0x00000000080006cc                TIM1_BRK_IRQHandler
                0x00000000080006cc                EXTI1_IRQHandler
                0x00000000080006cc                RTCAlarm_IRQHandler
                0x00000000080006cc                DMA2_Channel4_5_IRQHandler
                0x00000000080006cc                USART2_IRQHandler
                0x00000000080006cc                I2C2_ER_IRQHandler
                0x00000000080006cc                DMA1_Channel2_IRQHandler
                0x00000000080006cc                TIM8_BRK_IRQHandler
                0x00000000080006cc                FLASH_IRQHandler
                0x00000000080006cc                BusFault_Handler
                0x00000000080006cc                USART1_IRQHandler
                0x00000000080006cc                SPI3_IRQHandler
                0x00000000080006cc                I2C1_ER_IRQHandler
                0x00000000080006cc                DMA2_Channel3_IRQHandler
 *fill*         0x00000000080006ce        0x2 
 .text.__libc_init_array
                0x00000000080006d0       0x48 c:/program files (x86)/stmicroelectronics/stm32cubeide_1.4.0/stm32cubeide/plugins/com.st.stm32cube.ide.mcu.externaltools.gnu-tools-for-stm32.7-2018-q2-update.win32_1.4.0.202007081208/tools/bin/../lib/gcc/arm-none-eabi/7.3.1/../../../../arm-none-eabi/lib/thumb/v7-m\libc_nano.a(lib_a-init.o)
                0x00000000080006d0                __libc_init_array
 *(.glue_7)
 .glue_7        0x0000000008000718        0x0 linker stubs
 *(.glue_7t)
 .glue_7t       0x0000000008000718        0x0 linker stubs
 *(.eh_frame)
 .eh_frame      0x0000000008000718        0x0 c:/program files (x86)/stmicroelectronics/stm32cubeide_1.4.0/stm32cubeide/plugins/com.st.stm32cube.ide.mcu.externaltools.gnu-tools-for-stm32.7-2018-q2-update.win32_1.4.0.202007081208/tools/bin/../lib/gcc/arm-none-eabi/7.3.1/thumb/v7-m/crtbegin.o
 *(.init)
 .init          0x0000000008000718        0x4 c:/program files (x86)/stmicroelectronics/stm32cubeide_1.4.0/stm32cubeide/plugins/com.st.stm32cube.ide.mcu.externaltools.gnu-tools-for-stm32.7-2018-q2-update.win32_1.4.0.202007081208/tools/bin/../lib/gcc/arm-none-eabi/7.3.1/thumb/v7-m/crti.o
                0x0000000008000718                _init
 .init          0x000000000800071c        0x8 c:/program files (x86)/stmicroelectronics/stm32cubeide_1.4.0/stm32cubeide/plugins/com.st.stm32cube.ide.mcu.externaltools.gnu-tools-for-stm32.7-2018-q2-update.win32_1.4.0.202007081208/tools/bin/../lib/gcc/arm-none-eabi/7.3.1/thumb/v7-m/crtn.o
 *(.fini)
 .fini          0x0000000008000724        0x4 c:/program files (x86)/stmicroelectronics/stm32cubeide_1.4.0/stm32cubeide/plugins/com.st.stm32cube.ide.mcu.externaltools.gnu-tools-for-stm32.7-2018-q2-update.win32_1.4.0.202007081208/tools/bin/../lib/gcc/arm-none-eabi/7.3.1/thumb/v7-m/crti.o
                0x0000000008000724                _fini
 .fini          0x0000000008000728        0x8 c:/program files (x86)/stmicroelectronics/stm32cubeide_1.4.0/stm32cubeide/plugins/com.st.stm32cube.ide.mcu.externaltools.gnu-tools-for-stm32.7-2018-q2-update.win32_1.4.0.202007081208/tools/bin/../lib/gcc/arm-none-eabi/7.3.1/thumb/v7-m/crtn.o
                0x0000000008000730                . = ALIGN (0x4)
                0x0000000008000730                _etext = .

.vfp11_veneer   0x0000000008000730        0x0
 .vfp11_veneer  0x0000000008000730        0x0 linker stubs

.v4_bx          0x0000000008000730        0x0
 .v4_bx         0x0000000008000730        0x0 linker stubs

.iplt           0x0000000008000730        0x0
 .iplt          0x0000000008000730        0x0 c:/program files (x86)/stmicroelectronics/stm32cubeide_1.4.0/stm32cubeide/plugins/com.st.stm32cube.ide.mcu.externaltools.gnu-tools-for-stm32.7-2018-q2-update.win32_1.4.0.202007081208/tools/bin/../lib/gcc/arm-none-eabi/7.3.1/thumb/v7-m/crtbegin.o

.rel.dyn        0x0000000008000730        0x0
 .rel.iplt      0x0000000008000730        0x0 c:/program files (x86)/stmicroelectronics/stm32cubeide_1.4.0/stm32cubeide/plugins/com.st.stm32cube.ide.mcu.externaltools.gnu-tools-for-stm32.7-2018-q2-update.win32_1.4.0.202007081208/tools/bin/../lib/gcc/arm-none-eabi/7.3.1/thumb/v7-m/crtbegin.o

.rodata         0x0000000008000730        0x0
                0x0000000008000730                . = ALIGN (0x4)
 *(.rodata)
 *(.rodata*)
                0x0000000008000730                . = ALIGN (0x4)

.ARM.extab      0x0000000008000730        0x0
                0x0000000008000730                . = ALIGN (0x4)
 *(.ARM.extab* .gnu.linkonce.armextab.*)
                0x0000000008000730                . = ALIGN (0x4)

.ARM            0x0000000008000730        0x0
                0x0000000008000730                . = ALIGN (0x4)
                0x0000000008000730                __exidx_start = .
 *(.ARM.exidx*)
                0x0000000008000730                __exidx_end = .
                0x0000000008000730                . = ALIGN (0x4)

.preinit_array  0x0000000008000730        0x0
                0x0000000008000730                . = ALIGN (0x4)
                0x0000000008000730                PROVIDE (__preinit_array_start = .)
 *(.preinit_array*)
                0x0000000008000730                PROVIDE (__preinit_array_end = .)
                0x0000000008000730                . = ALIGN (0x4)

.init_array     0x0000000008000730        0x4
                0x0000000008000730                . = ALIGN (0x4)
                0x0000000008000730                PROVIDE (__init_array_start = .)
 *(SORT_BY_NAME(.init_array.*))
 *(.init_array*)
 .init_array    0x0000000008000730        0x4 c:/program files (x86)/stmicroelectronics/stm32cubeide_1.4.0/stm32cubeide/plugins/com.st.stm32cube.ide.mcu.externaltools.gnu-tools-for-stm32.7-2018-q2-update.win32_1.4.0.202007081208/tools/bin/../lib/gcc/arm-none-eabi/7.3.1/thumb/v7-m/crtbegin.o
                0x0000000008000734                PROVIDE (__init_array_end = .)
                0x0000000008000734                . = ALIGN (0x4)

.fini_array     0x0000000008000734        0x4
                0x0000000008000734                . = ALIGN (0x4)
                [!provide]                        PROVIDE (__fini_array_start = .)
 *(SORT_BY_NAME(.fini_array.*))
 *(.fini_array*)
 .fini_array    0x0000000008000734        0x4 c:/program files (x86)/stmicroelectronics/stm32cubeide_1.4.0/stm32cubeide/plugins/com.st.stm32cube.ide.mcu.externaltools.gnu-tools-for-stm32.7-2018-q2-update.win32_1.4.0.202007081208/tools/bin/../lib/gcc/arm-none-eabi/7.3.1/thumb/v7-m/crtbegin.o
                [!provide]                        PROVIDE (__fini_array_end = .)
                0x0000000008000738                . = ALIGN (0x4)
                0x0000000008000738                _sidata = LOADADDR (.data)

.data           0x0000000020000000        0x0 load address 0x0000000008000738
                0x0000000020000000                . = ALIGN (0x4)
                0x0000000020000000                _sdata = .
 *(.data)
 *(.data*)
                0x0000000020000000                . = ALIGN (0x4)
                0x0000000020000000                _edata = .

.igot.plt       0x0000000020000000        0x0 load address 0x0000000008000738
 .igot.plt      0x0000000020000000        0x0 c:/program files (x86)/stmicroelectronics/stm32cubeide_1.4.0/stm32cubeide/plugins/com.st.stm32cube.ide.mcu.externaltools.gnu-tools-for-stm32.7-2018-q2-update.win32_1.4.0.202007081208/tools/bin/../lib/gcc/arm-none-eabi/7.3.1/thumb/v7-m/crtbegin.o
                0x0000000020000000                . = ALIGN (0x4)

.bss            0x0000000020000000       0x24 load address 0x0000000008000738
                0x0000000020000000                _sbss = .
                0x0000000020000000                __bss_start__ = _sbss
 *(.bss)
 .bss           0x0000000020000000       0x1c c:/program files (x86)/stmicroelectronics/stm32cubeide_1.4.0/stm32cubeide/plugins/com.st.stm32cube.ide.mcu.externaltools.gnu-tools-for-stm32.7-2018-q2-update.win32_1.4.0.202007081208/tools/bin/../lib/gcc/arm-none-eabi/7.3.1/thumb/v7-m/crtbegin.o
 *(.bss*)
 .bss.flag      0x000000002000001c        0x1 Src/STK_progrm.o
                0x000000002000001c                flag
 *(COMMON)
 *fill*         0x000000002000001d        0x3 
 COMMON         0x0000000020000020        0x4 Src/STK_progrm.o
                0x0000000020000020                callback
                0x0000000020000024                . = ALIGN (0x4)
                0x0000000020000024                _ebss = .
                0x0000000020000024                __bss_end__ = _ebss

._user_heap_stack
                0x0000000020000024      0x604 load address 0x0000000008000738
                0x0000000020000028                . = ALIGN (0x8)
 *fill*         0x0000000020000024        0x4 
                [!provide]                        PROVIDE (end = .)
                [!provide]                        PROVIDE (_end = .)
                0x0000000020000228                . = (. + _Min_Heap_Size)
 *fill*         0x0000000020000028      0x200 
                0x0000000020000628                . = (. + _Min_Stack_Size)
 *fill*         0x0000000020000228      0x400 
                0x0000000020000628                . = ALIGN (0x8)

/DISCARD/
 libc.a(*)
 libm.a(*)
 libgcc.a(*)

.ARM.attributes
                0x0000000000000000       0x29
 *(.ARM.attributes)
 .ARM.attributes
                0x0000000000000000       0x1d c:/program files (x86)/stmicroelectronics/stm32cubeide_1.4.0/stm32cubeide/plugins/com.st.stm32cube.ide.mcu.externaltools.gnu-tools-for-stm32.7-2018-q2-update.win32_1.4.0.202007081208/tools/bin/../lib/gcc/arm-none-eabi/7.3.1/thumb/v7-m/crti.o
 .ARM.attributes
                0x000000000000001d       0x2d c:/program files (x86)/stmicroelectronics/stm32cubeide_1.4.0/stm32cubeide/plugins/com.st.stm32cube.ide.mcu.externaltools.gnu-tools-for-stm32.7-2018-q2-update.win32_1.4.0.202007081208/tools/bin/../lib/gcc/arm-none-eabi/7.3.1/thumb/v7-m/crtbegin.o
 .ARM.attributes
                0x000000000000004a       0x33 Src/GPIO_program.o
 .ARM.attributes
                0x000000000000007d       0x33 Src/RCC_program.o
 .ARM.attributes
                0x00000000000000b0       0x33 Src/STK_progrm.o
 .ARM.attributes
                0x00000000000000e3       0x33 Src/main.o
 .ARM.attributes
                0x0000000000000116       0x21 Startup/startup_stm32f103c8tx.o
 .ARM.attributes
                0x0000000000000137       0x2d c:/program files (x86)/stmicroelectronics/stm32cubeide_1.4.0/stm32cubeide/plugins/com.st.stm32cube.ide.mcu.externaltools.gnu-tools-for-stm32.7-2018-q2-update.win32_1.4.0.202007081208/tools/bin/../lib/gcc/arm-none-eabi/7.3.1/../../../../arm-none-eabi/lib/thumb/v7-m\libc_nano.a(lib_a-init.o)
 .ARM.attributes
                0x0000000000000164       0x1d c:/program files (x86)/stmicroelectronics/stm32cubeide_1.4.0/stm32cubeide/plugins/com.st.stm32cube.ide.mcu.externaltools.gnu-tools-for-stm32.7-2018-q2-update.win32_1.4.0.202007081208/tools/bin/../lib/gcc/arm-none-eabi/7.3.1/thumb/v7-m/crtn.o
OUTPUT(SYSTICK.elf elf32-littlearm)

.debug_info     0x0000000000000000      0x5a7
 .debug_info    0x0000000000000000      0x2d9 Src/GPIO_program.o
 .debug_info    0x00000000000002d9       0xd0 Src/RCC_program.o
 .debug_info    0x00000000000003a9      0x169 Src/STK_progrm.o
 .debug_info    0x0000000000000512       0x73 Src/main.o
 .debug_info    0x0000000000000585       0x22 Startup/startup_stm32f103c8tx.o

.debug_abbrev   0x0000000000000000      0x2b4
 .debug_abbrev  0x0000000000000000      0x101 Src/GPIO_program.o
 .debug_abbrev  0x0000000000000101       0x70 Src/RCC_program.o
 .debug_abbrev  0x0000000000000171       0xd2 Src/STK_progrm.o
 .debug_abbrev  0x0000000000000243       0x5f Src/main.o
 .debug_abbrev  0x00000000000002a2       0x12 Startup/startup_stm32f103c8tx.o

.debug_aranges  0x0000000000000000      0x118
 .debug_aranges
                0x0000000000000000       0x40 Src/GPIO_program.o
 .debug_aranges
                0x0000000000000040       0x30 Src/RCC_program.o
 .debug_aranges
                0x0000000000000070       0x58 Src/STK_progrm.o
 .debug_aranges
                0x00000000000000c8       0x28 Src/main.o
 .debug_aranges
                0x00000000000000f0       0x28 Startup/startup_stm32f103c8tx.o

.debug_ranges   0x0000000000000000       0xd0
 .debug_ranges  0x0000000000000000       0x30 Src/GPIO_program.o
 .debug_ranges  0x0000000000000030       0x20 Src/RCC_program.o
 .debug_ranges  0x0000000000000050       0x48 Src/STK_progrm.o
 .debug_ranges  0x0000000000000098       0x18 Src/main.o
 .debug_ranges  0x00000000000000b0       0x20 Startup/startup_stm32f103c8tx.o

.debug_macro    0x0000000000000000      0xe48
 .debug_macro   0x0000000000000000       0x40 Src/GPIO_program.o
 .debug_macro   0x0000000000000040      0xa60 Src/GPIO_program.o
 .debug_macro   0x0000000000000aa0       0x2e Src/GPIO_program.o
 .debug_macro   0x0000000000000ace       0xf4 Src/GPIO_program.o
 .debug_macro   0x0000000000000bc2       0x9a Src/GPIO_program.o
 .debug_macro   0x0000000000000c5c       0x49 Src/RCC_program.o
 .debug_macro   0x0000000000000ca5       0x28 Src/RCC_program.o
 .debug_macro   0x0000000000000ccd       0x7c Src/RCC_program.o
 .debug_macro   0x0000000000000d49       0x16 Src/RCC_program.o
 .debug_macro   0x0000000000000d5f       0x40 Src/STK_progrm.o
 .debug_macro   0x0000000000000d9f       0x1c Src/STK_progrm.o
 .debug_macro   0x0000000000000dbb       0x3a Src/STK_progrm.o
 .debug_macro   0x0000000000000df5       0x53 Src/main.o

.debug_line     0x0000000000000000      0x7dc
 .debug_line    0x0000000000000000      0x33d Src/GPIO_program.o
 .debug_line    0x000000000000033d      0x13d Src/RCC_program.o
 .debug_line    0x000000000000047a      0x166 Src/STK_progrm.o
 .debug_line    0x00000000000005e0      0x178 Src/main.o
 .debug_line    0x0000000000000758       0x84 Startup/startup_stm32f103c8tx.o

.debug_str      0x0000000000000000     0x3c5f
 .debug_str     0x0000000000000000     0x3610 Src/GPIO_program.o
                                       0x364f (size before relaxing)
 .debug_str     0x0000000000003610      0x31e Src/RCC_program.o
                                       0x3172 (size before relaxing)
 .debug_str     0x000000000000392e      0x20d Src/STK_progrm.o
                                       0x3061 (size before relaxing)
 .debug_str     0x0000000000003b3b       0xf3 Src/main.o
                                       0x3237 (size before relaxing)
 .debug_str     0x0000000000003c2e       0x31 Startup/startup_stm32f103c8tx.o
                                         0x6a (size before relaxing)

.comment        0x0000000000000000       0x7b
 .comment       0x0000000000000000       0x7b Src/GPIO_program.o
                                         0x7c (size before relaxing)
 .comment       0x000000000000007b       0x7c Src/RCC_program.o
 .comment       0x000000000000007b       0x7c Src/STK_progrm.o
 .comment       0x000000000000007b       0x7c Src/main.o

.debug_frame    0x0000000000000000      0x2f0
 .debug_frame   0x0000000000000000       0xd8 Src/GPIO_program.o
 .debug_frame   0x00000000000000d8       0x80 Src/RCC_program.o
 .debug_frame   0x0000000000000158      0x124 Src/STK_progrm.o
 .debug_frame   0x000000000000027c       0x48 Src/main.o
 .debug_frame   0x00000000000002c4       0x2c c:/program files (x86)/stmicroelectronics/stm32cubeide_1.4.0/stm32cubeide/plugins/com.st.stm32cube.ide.mcu.externaltools.gnu-tools-for-stm32.7-2018-q2-update.win32_1.4.0.202007081208/tools/bin/../lib/gcc/arm-none-eabi/7.3.1/../../../../arm-none-eabi/lib/thumb/v7-m\libc_nano.a(lib_a-init.o)
