EXTI_program.c:45:6:MEXTI_voidInit	4	static
EXTI_program.c:52:6:MEXTI_voidSetSignalLatch	16	static
EXTI_program.c:67:6:MEXTI_voidEnableEXTI	16	static
EXTI_program.c:71:6:MEXTI_voidDisableEXTI	16	static
EXTI_program.c:76:6:MEXTI_voidSoftwareTrigger	16	static
EXTI_program.c:83:6:MEXTI0_voidSetCallBack	16	static
EXTI_program.c:88:6:MEXTI1_voidSetCallBack	16	static
EXTI_program.c:93:6:MEXTI2_voidSetCallBack	16	static
EXTI_program.c:98:6:MEXTI3_voidSetCallBack	16	static
EXTI_program.c:103:6:MEXTI4_voidSetCallBack	16	static
EXTI_program.c:108:6:MEXTI5_9_voidSetCallBack	16	static
EXTI_program.c:113:6:MEXTI10_15_voidSetCallBack	16	static
EXTI_program.c:119:6:EXTI0_IRQHandler	8	static
EXTI_program.c:126:6:EXTI1_IRQHandler	8	static
EXTI_program.c:133:6:EXTI2_IRQHandler	8	static
EXTI_program.c:140:6:EXTI3_IRQHandler	8	static
EXTI_program.c:147:6:EXTI4_IRQHandler	8	static
EXTI_program.c:155:7:EXTI9_5_IRQHandler	8	static
EXTI_program.c:161:7:EXTI15_10_IRQHandler	8	static
