EXTI0_program.c:45:6:MEXTI_voidInit	4	static
EXTI0_program.c:52:6:MEXTI_voidSetSignalLatch	16	static
EXTI0_program.c:63:6:MEXTI_voidEnableEXTI	16	static
EXTI0_program.c:67:6:MEXTI_voidDisableEXTI	16	static
EXTI0_program.c:72:6:MEXTI_voidSoftwareTrigger	16	static
EXTI0_program.c:79:6:MEXTI0_voidSetCallBack	16	static
EXTI0_program.c:84:6:MEXTI1_voidSetCallBack	16	static
EXTI0_program.c:89:6:MEXTI2_voidSetCallBack	16	static
EXTI0_program.c:94:6:MEXTI3_voidSetCallBack	16	static
EXTI0_program.c:99:6:MEXTI4_voidSetCallBack	16	static
EXTI0_program.c:104:6:MEXTI5_9_voidSetCallBack	16	static
EXTI0_program.c:109:6:MEXTI10_15_voidSetCallBack	16	static
EXTI0_program.c:115:6:EXTI0_IRQHandler	8	static
EXTI0_program.c:122:6:EXTI1_IRQHandler	8	static
EXTI0_program.c:129:6:EXTI2_IRQHandler	8	static
EXTI0_program.c:136:6:EXTI3_IRQHandler	8	static
EXTI0_program.c:143:6:EXTI4_IRQHandler	8	static
EXTI0_program.c:151:7:EXTI9_5_IRQHandler	4	static
EXTI0_program.c:156:7:EXTI15_10_IRQHandler	4	static
